Archive member included to satisfy reference by file (symbol)

app/libapp.a(main.c.obj)      (--whole-archive)
zephyr/libzephyr.a(cbprintf_packaged.c.obj)
                              (--whole-archive)
zephyr/libzephyr.a(dec.c.obj)
                              (--whole-archive)
zephyr/libzephyr.a(fdtable.c.obj)
                              (--whole-archive)
zephyr/libzephyr.a(hex.c.obj)
                              (--whole-archive)
zephyr/libzephyr.a(printk.c.obj)
                              (--whole-archive)
zephyr/libzephyr.a(rb.c.obj)  (--whole-archive)
zephyr/libzephyr.a(sem.c.obj)
                              (--whole-archive)
zephyr/libzephyr.a(thread_entry.c.obj)
                              (--whole-archive)
zephyr/libzephyr.a(timeutil.c.obj)
                              (--whole-archive)
zephyr/libzephyr.a(heap.c.obj)
                              (--whole-archive)
zephyr/libzephyr.a(heap-validate.c.obj)
                              (--whole-archive)
zephyr/libzephyr.a(bitarray.c.obj)
                              (--whole-archive)
zephyr/libzephyr.a(multi_heap.c.obj)
                              (--whole-archive)
zephyr/libzephyr.a(crc32c_sw.c.obj)
                              (--whole-archive)
zephyr/libzephyr.a(crc32_sw.c.obj)
                              (--whole-archive)
zephyr/libzephyr.a(crc16_sw.c.obj)
                              (--whole-archive)
zephyr/libzephyr.a(crc8_sw.c.obj)
                              (--whole-archive)
zephyr/libzephyr.a(crc7_sw.c.obj)
                              (--whole-archive)
zephyr/libzephyr.a(cbprintf_complete.c.obj)
                              (--whole-archive)
zephyr/libzephyr.a(cbprintf.c.obj)
                              (--whole-archive)
zephyr/libzephyr.a(assert.c.obj)
                              (--whole-archive)
zephyr/libzephyr.a(configs.c.obj)
                              (--whole-archive)
zephyr/libzephyr.a(soc.c.obj)
                              (--whole-archive)
zephyr/libzephyr.a(stm32cube_hal.c.obj)
                              (--whole-archive)
zephyr/libzephyr.a(soc_config.c.obj)
                              (--whole-archive)
zephyr/libzephyr.a(thread_info.c.obj)
                              (--whole-archive)
zephyr/libzephyr.a(tracing_none.c.obj)
                              (--whole-archive)
zephyr/arch/common/libarch__common.a(sw_isr_common.c.obj)
                              (--whole-archive)
zephyr/arch/arch/arm/core/aarch32/libarch__arm__core__aarch32.a(cpu_idle.S.obj)
                              (--whole-archive)
zephyr/arch/arch/arm/core/aarch32/libarch__arm__core__aarch32.a(fatal.c.obj)
                              (--whole-archive)
zephyr/arch/arch/arm/core/aarch32/libarch__arm__core__aarch32.a(irq_manage.c.obj)
                              (--whole-archive)
zephyr/arch/arch/arm/core/aarch32/libarch__arm__core__aarch32.a(nmi.c.obj)
                              (--whole-archive)
zephyr/arch/arch/arm/core/aarch32/libarch__arm__core__aarch32.a(nmi_on_reset.S.obj)
                              (--whole-archive)
zephyr/arch/arch/arm/core/aarch32/libarch__arm__core__aarch32.a(prep_c.c.obj)
                              (--whole-archive)
zephyr/arch/arch/arm/core/aarch32/libarch__arm__core__aarch32.a(swap.c.obj)
                              (--whole-archive)
zephyr/arch/arch/arm/core/aarch32/libarch__arm__core__aarch32.a(swap_helper.S.obj)
                              (--whole-archive)
zephyr/arch/arch/arm/core/aarch32/libarch__arm__core__aarch32.a(thread.c.obj)
                              (--whole-archive)
zephyr/arch/arch/arm/core/aarch32/libarch__arm__core__aarch32.a(isr_wrapper.S.obj)
                              (--whole-archive)
zephyr/arch/arch/arm/core/aarch32/cortex_m/libarch__arm__core__aarch32__cortex_m.a(exc_exit.S.obj)
                              (--whole-archive)
zephyr/arch/arch/arm/core/aarch32/cortex_m/libarch__arm__core__aarch32__cortex_m.a(fault.c.obj)
                              (--whole-archive)
zephyr/arch/arch/arm/core/aarch32/cortex_m/libarch__arm__core__aarch32__cortex_m.a(fault_s.S.obj)
                              (--whole-archive)
zephyr/arch/arch/arm/core/aarch32/cortex_m/libarch__arm__core__aarch32__cortex_m.a(fpu.c.obj)
                              (--whole-archive)
zephyr/arch/arch/arm/core/aarch32/cortex_m/libarch__arm__core__aarch32__cortex_m.a(irq_init.c.obj)
                              (--whole-archive)
zephyr/arch/arch/arm/core/aarch32/cortex_m/libarch__arm__core__aarch32__cortex_m.a(reset.S.obj)
                              (--whole-archive)
zephyr/arch/arch/arm/core/aarch32/cortex_m/libarch__arm__core__aarch32__cortex_m.a(scb.c.obj)
                              (--whole-archive)
zephyr/arch/arch/arm/core/aarch32/cortex_m/libarch__arm__core__aarch32__cortex_m.a(thread_abort.c.obj)
                              (--whole-archive)
zephyr/arch/arch/arm/core/aarch32/cortex_m/libarch__arm__core__aarch32__cortex_m.a(vector_table.S.obj)
[...]
Memory Configuration

Name             Origin             Length             Attributes
FLASH            0x0000000008000000 0x0000000000080000 xr
RAM              0x0000000020000000 0x0000000000020000 xw
IDT_LIST         0x00000000fffff7ff 0x0000000000000800 xw
*default*        0x0000000000000000 0xffffffffffffffff

Linker script and memory map

LOAD zephyr/CMakeFiles/zephyr_final.dir/misc/empty_file.c.obj
LOAD zephyr/CMakeFiles/zephyr_final.dir/dev_handles.c.obj
LOAD zephyr/CMakeFiles/zephyr_final.dir/isr_tables.c.obj
LOAD zephyr/CMakeFiles/offsets.dir/./arch/arm/core/offsets/offsets.c.obj
                0x0000000000000020                _region_min_align = 0x20

.rel.plt        0x0000000008000000        0x0
 *(SORT_BY_ALIGNMENT(.rel.plt))
                [!provide]                        PROVIDE (__rel_iplt_start = .)
 *(SORT_BY_ALIGNMENT(.rel.iplt))
 .rel.iplt      0x0000000008000000        0x0 zephyr/CMakeFiles/zephyr_final.dir/isr_tables.c.obj
                [!provide]                        PROVIDE (__rel_iplt_end = .)

.rela.plt       0x0000000000000000        0x0
 *(SORT_BY_ALIGNMENT(.rela.plt))
                [!provide]                        PROVIDE (__rela_iplt_start = .)
 *(SORT_BY_ALIGNMENT(.rela.iplt))
                [!provide]                        PROVIDE (__rela_iplt_end = .)

.rel.dyn
 *(SORT_BY_ALIGNMENT(.rel.*))

.rela.dyn
 *(SORT_BY_ALIGNMENT(.rela.*))

/DISCARD/
 *(SORT_BY_ALIGNMENT(.plt))

/DISCARD/
 *(SORT_BY_ALIGNMENT(.iplt))
                0x0000000008000000                __rom_region_start = 0x8000000

rom_start       0x0000000008000000      0x198
                0x0000000000000000                . = 0x0
                0x0000000000000000                . = ALIGN (0x4)
                0x0000000000000000                . = ALIGN (0x80)
                0x0000000000000000                . = ALIGN (0x200)
                0x0000000008000000                _vector_start = .
 *(SORT_BY_ALIGNMENT(.exc_vector_table))
 *(SORT_BY_ALIGNMENT(.exc_vector_table.*))
 .exc_vector_table._vector_table_section
                0x0000000008000000       0x40 zephyr/arch/arch/arm/core/aarch32/cortex_m/libarch__arm__core__aarch32__cortex_m.a(vector_table.S.obj)
                0x0000000008000000                _vector_table
 *(SORT_BY_ALIGNMENT(.vectors))
                0x0000000008000198                _vector_end = .
                0x0000000008000040                . = ALIGN (0x4)
 *(SORT_BY_ALIGNMENT(.gnu.linkonce.irq_vector_table*))
 .gnu.linkonce.irq_vector_table
                0x0000000008000040      0x158 zephyr/CMakeFiles/zephyr_final.dir/isr_tables.c.obj
                0x0000000008000040                _irq_vector_table
                0x0000000008000198                _vector_end = .

text            0x0000000008000198     0x518c
                0x0000000008000198                __text_region_start = .
 *(SORT_BY_ALIGNMENT(.text))
 .text          0x0000000008000198       0x30 /Users/guillaumebour/.local/opt/arm-zephyr-eabi/bin/../lib/gcc/arm-zephyr-eabi/12.1.0/thumb/v7e-m/nofp/libgcc.a(_aeabi_uldivmod.o)
                0x0000000008000198                __aeabi_uldivmod
 .text          0x00000000080001c8        0x4 /Users/guillaumebour/.local/opt/arm-zephyr-eabi/bin/../lib/gcc/arm-zephyr-eabi/12.1.0/thumb/v7e-m/nofp/libgcc.a(_dvmd_tls.o)
                0x00000000080001c8                __aeabi_ldiv0
                0x00000000080001c8                __aeabi_idiv0
 .text          0x00000000080001cc      0x2a0 /Users/guillaumebour/.local/opt/arm-zephyr-eabi/bin/../lib/gcc/arm-zephyr-eabi/12.1.0/thumb/v7e-m/nofp/libgcc.a(_udivmoddi4.o)
                0x00000000080001cc                __udivmoddi4
 *(SORT_BY_ALIGNMENT(.text.*))
 .text.print_phil_state
                0x000000000800046c       0x84 app/libapp.a(main.c.obj)
 .text.philosopher
                0x00000000080004f0       0xe8 app/libapp.a(main.c.obj)
                0x00000000080004f0                philosopher
 .text.main     0x00000000080005d8       0xb4 app/libapp.a(main.c.obj)
                0x00000000080005d8                main
 .text.char_out
                0x000000000800068c        0xc zephyr/libzephyr.a(printk.c.obj)
 .text.__printk_hook_install
                0x0000000008000698        0xc zephyr/libzephyr.a(printk.c.obj)
                0x0000000008000698                __printk_hook_install
 .text.vprintk  0x00000000080006a4       0x1c zephyr/libzephyr.a(printk.c.obj)
                0x00000000080006a4                vprintk
 .text.vsnprintk
                0x00000000080006c0       0x2c zephyr/libzephyr.a(printk.c.obj)
                0x00000000080006c0                vsnprintk
 .text.rb_remove
                0x00000000080006ec      0x378 zephyr/libzephyr.a(rb.c.obj)
                0x00000000080006ec                rb_remove
 .text.z_cbvprintf_impl
                0x0000000008000a64      0x764 zephyr/libzephyr.a(cbprintf_complete.c.obj)
                0x0000000008000a64                z_cbvprintf_impl
 .text.st_stm32f4_init
                0x00000000080011c8       0x40 zephyr/libzephyr.a(soc.c.obj)
 .text.z_arm_cpu_idle_init
                0x0000000008001208        0xc zephyr/arch/arch/arm/core/aarch32/libarch__arm__core__aarch32.a(cpu_idle.S.obj)
                0x0000000008001208                z_arm_cpu_idle_init
 .text.arch_cpu_idle
                0x0000000008001214       0x1c zephyr/arch/arch/arm/core/aarch32/libarch__arm__core__aarch32.a(cpu_idle.S.obj)
                0x0000000008001214                arch_cpu_idle
 .text.arch_irq_enable
                0x0000000008001230       0x1c zephyr/arch/arch/arm/core/aarch32/libarch__arm__core__aarch32.a(irq_manage.c.obj)
                0x0000000008001230                arch_irq_enable
 .text.z_arm_irq_priority_set
                0x000000000800124c       0x68 zephyr/arch/arch/arm/core/aarch32/libarch__arm__core__aarch32.a(irq_manage.c.obj)
                0x000000000800124c                z_arm_irq_priority_set
 .text.z_SysNmiOnReset
                0x00000000080012b4        0x8 zephyr/arch/arch/arm/core/aarch32/libarch__arm__core__aarch32.a(nmi_on_reset.S.obj)
                0x00000000080012b4                z_SysNmiOnReset
 .text.z_arm_prep_c
                0x00000000080012bc       0x48 zephyr/arch/arch/arm/core/aarch32/libarch__arm__core__aarch32.a(prep_c.c.obj)
                0x00000000080012bc                z_arm_prep_c
 .text.arch_swap
                0x0000000008001304       0x38 zephyr/arch/arch/arm/core/aarch32/libarch__arm__core__aarch32.a(swap.c.obj)
                0x0000000008001304                arch_swap
 .text.z_arm_pendsv
                0x000000000800133c       0x58 zephyr/arch/arch/arm/core/aarch32/libarch__arm__core__aarch32.a(swap_helper.S.obj)
                0x000000000800133c                z_arm_pendsv
 .text.z_arm_svc
                0x0000000008001394       0x20 zephyr/arch/arch/arm/core/aarch32/libarch__arm__core__aarch32.a(swap_helper.S.obj)
                0x0000000008001394                z_arm_svc
 .text.arch_new_thread
                0x00000000080013b4       0x38 zephyr/arch/arch/arm/core/aarch32/libarch__arm__core__aarch32.a(thread.c.obj)
                0x00000000080013b4                arch_new_thread
 .text.z_check_thread_stack_fail
                0x00000000080013ec       0x30 zephyr/arch/arch/arm/core/aarch32/libarch__arm__core__aarch32.a(thread.c.obj)
                0x00000000080013ec                z_check_thread_stack_fail
 .text.arch_switch_to_main_thread
                0x000000000800141c       0x2c zephyr/arch/arch/arm/core/aarch32/libarch__arm__core__aarch32.a(thread.c.obj)
                0x000000000800141c                arch_switch_to_main_thread
 .text._isr_wrapper
                0x0000000008001448       0x28 zephyr/arch/arch/arm/core/aarch32/libarch__arm__core__aarch32.a(isr_wrapper.S.obj)
                0x0000000008001448                _isr_wrapper
 .text._HandlerModeExit
                0x0000000008001470       0x1c zephyr/arch/arch/arm/core/aarch32/cortex_m/libarch__arm__core__aarch32__cortex_m.a(exc_exit.S.obj)
                0x0000000008001470                z_arm_exc_exit
                0x0000000008001470                z_arm_int_exit
 .text.mem_manage_fault
                0x000000000800148c       0xac zephyr/arch/arch/arm/core/aarch32/cortex_m/libarch__arm__core__aarch32__cortex_m.a(fault.c.obj)
 .text.bus_fault.constprop.0
                0x0000000008001538       0x3c zephyr/arch/arch/arm/core/aarch32/cortex_m/libarch__arm__core__aarch32__cortex_m.a(fault.c.obj)
 .text.z_arm_fault
                0x0000000008001574      0x19c zephyr/arch/arch/arm/core/aarch32/cortex_m/libarch__arm__core__aarch32__cortex_m.a(fault.c.obj)
                0x0000000008001574                z_arm_fault
 .text.z_arm_fault_init
                0x0000000008001710       0x10 zephyr/arch/arch/arm/core/aarch32/cortex_m/libarch__arm__core__aarch32__cortex_m.a(fault.c.obj)
                0x0000000008001710                z_arm_fault_init
 .text.__fault  0x0000000008001720       0x14 zephyr/arch/arch/arm/core/aarch32/cortex_m/libarch__arm__core__aarch32__cortex_m.a(fault_s.S.obj)
                0x0000000008001720                z_arm_bus_fault
                0x0000000008001720                z_arm_usage_fault
                0x0000000008001720                z_arm_mpu_fault
                0x0000000008001720                z_arm_exc_spurious
                0x0000000008001720                z_arm_debug_monitor
                0x0000000008001720                z_arm_hard_fault
 .text.z_arm_interrupt_init
                0x0000000008001734       0x18 zephyr/arch/arch/arm/core/aarch32/cortex_m/libarch__arm__core__aarch32__cortex_m.a(irq_init.c.obj)
                0x0000000008001734                z_arm_interrupt_init
 .text._reset_section
                0x000000000800174c       0x34 zephyr/arch/arch/arm/core/aarch32/cortex_m/libarch__arm__core__aarch32__cortex_m.a(reset.S.obj)
                0x000000000800174c                z_arm_reset
                0x000000000800174c                __start
 .text.z_impl_k_thread_abort
                0x0000000008001780       0x2c zephyr/arch/arch/arm/core/aarch32/cortex_m/libarch__arm__core__aarch32__cortex_m.a(thread_abort.c.obj)
                0x0000000008001780                z_impl_k_thread_abort
 .text.z_arm_configure_static_mpu_regions
                0x00000000080017ac       0x18 zephyr/arch/arch/arm/core/aarch32/mpu/libarch__arm__core__aarch32__mpu.a(arm_core_mpu.c.obj)
                0x00000000080017ac                z_arm_configure_static_mpu_regions
 .text.z_arm_configure_dynamic_mpu_regions
                0x00000000080017c4       0x24 zephyr/arch/arch/arm/core/aarch32/mpu/libarch__arm__core__aarch32__mpu.a(arm_core_mpu.c.obj)
                0x00000000080017c4                z_arm_configure_dynamic_mpu_regions
 .text.mpu_configure_regions
                0x00000000080017e8       0x88 zephyr/arch/arch/arm/core/aarch32/mpu/libarch__arm__core__aarch32__mpu.a(arm_mpu.c.obj)
 .text.arm_core_mpu_enable
                0x0000000008001870       0x18 zephyr/arch/arch/arm/core/aarch32/mpu/libarch__arm__core__aarch32__mpu.a(arm_mpu.c.obj)
                0x0000000008001870                arm_core_mpu_enable
 .text.arm_core_mpu_disable
                0x0000000008001888       0x14 zephyr/arch/arch/arm/core/aarch32/mpu/libarch__arm__core__aarch32__mpu.a(arm_mpu.c.obj)
                0x0000000008001888                arm_core_mpu_disable
 .text.arm_core_mpu_configure_static_mpu_regions
                0x000000000800189c       0x4c zephyr/arch/arch/arm/core/aarch32/mpu/libarch__arm__core__aarch32__mpu.a(arm_mpu.c.obj)
                0x000000000800189c                arm_core_mpu_configure_static_mpu_regions
 .text.arm_core_mpu_configure_dynamic_mpu_regions
                0x00000000080018e8       0x60 zephyr/arch/arch/arm/core/aarch32/mpu/libarch__arm__core__aarch32__mpu.a(arm_mpu.c.obj)
                0x00000000080018e8                arm_core_mpu_configure_dynamic_mpu_regions
 .text.z_arm_mpu_init
                0x0000000008001948       0xbc zephyr/arch/arch/arm/core/aarch32/mpu/libarch__arm__core__aarch32__mpu.a(arm_mpu.c.obj)
                0x0000000008001948                z_arm_mpu_init
 .text.__stm32_exti_isr.isra.0
                0x0000000008001a04       0x40 zephyr/drivers/interrupt_controller/libdrivers__interrupt_controller.a(intc_exti_stm32.c.obj)
 .text.stm32_exti_enable
                0x0000000008001a44       0x1c zephyr/drivers/interrupt_controller/libdrivers__interrupt_controller.a(intc_exti_stm32.c.obj)
                0x0000000008001a44                stm32_exti_enable
 .text.stm32_exti_disable
                0x0000000008001a60       0x18 zephyr/drivers/interrupt_controller/libdrivers__interrupt_controller.a(intc_exti_stm32.c.obj)
                0x0000000008001a60                stm32_exti_disable
 .text.stm32_exti_trigger
                0x0000000008001a78       0x60 zephyr/drivers/interrupt_controller/libdrivers__interrupt_controller.a(intc_exti_stm32.c.obj)
                0x0000000008001a78                stm32_exti_trigger
 .text.stm32_exti_set_callback
                0x0000000008001ad8       0x24 zephyr/drivers/interrupt_controller/libdrivers__interrupt_controller.a(intc_exti_stm32.c.obj)
                0x0000000008001ad8                stm32_exti_set_callback
 .text.stm32_exti_unset_callback
                0x0000000008001afc       0x14 zephyr/drivers/interrupt_controller/libdrivers__interrupt_controller.a(intc_exti_stm32.c.obj)
                0x0000000008001afc                stm32_exti_unset_callback
 .text.stm32_clock_control_get_subsys_rate
                0x0000000008001b10       0x8c zephyr/drivers/clock_control/libdrivers__clock_control.a(clock_stm32_ll_common.c.obj)
 .text.stm32_clock_control_init
                0x0000000008001b9c      0x10c zephyr/drivers/clock_control/libdrivers__clock_control.a(clock_stm32_ll_common.c.obj)
                0x0000000008001b9c                stm32_clock_control_init
 .text.get_pllsrc_frequency
                0x0000000008001ca8        0x8 zephyr/drivers/clock_control/libdrivers__clock_control.a(clock_stm32f2_f4_f7.c.obj)
                0x0000000008001ca8                get_pllsrc_frequency
 .text.config_pll_sysclock
                0x0000000008001cb0       0x24 zephyr/drivers/clock_control/libdrivers__clock_control.a(clock_stm32f2_f4_f7.c.obj)
                0x0000000008001cb0                config_pll_sysclock
 .text.config_enable_default_clocks
                0x0000000008001cd4       0x20 zephyr/drivers/clock_control/libdrivers__clock_control.a(clock_stm32f2_f4_f7.c.obj)
                0x0000000008001cd4                config_enable_default_clocks
 .text.uart_console_init
                0x0000000008001cf4       0x24 zephyr/drivers/console/libdrivers__console.a(uart_console.c.obj)
 .text.console_out
                0x0000000008001d18       0x28 zephyr/drivers/console/libdrivers__console.a(uart_console.c.obj)
 .text.gpio_stm32_manage_callback
                0x0000000008001d40       0xa0 zephyr/drivers/gpio/libdrivers__gpio.a(gpio_stm32.c.obj)
 .text.gpio_stm32_init
                0x0000000008001de0       0x30 zephyr/drivers/gpio/libdrivers__gpio.a(gpio_stm32.c.obj)
 .text.gpio_stm32_isr
                0x0000000008001e10       0x58 zephyr/drivers/gpio/libdrivers__gpio.a(gpio_stm32.c.obj)
 .text.gpio_stm32_pin_interrupt_configure
                0x0000000008001e68      0x104 zephyr/drivers/gpio/libdrivers__gpio.a(gpio_stm32.c.obj)
 .text.uart_stm32_irq_err_enable
                0x0000000008001f6c       0x5c zephyr/drivers/serial/libdrivers__serial.a(uart_stm32.c.obj)
 .text.uart_stm32_irq_err_disable
                0x0000000008001fc8       0x5c zephyr/drivers/serial/libdrivers__serial.a(uart_stm32.c.obj)
 .text.uart_stm32_set_baudrate
                0x0000000008002024       0x88 zephyr/drivers/serial/libdrivers__serial.a(uart_stm32.c.obj)
 .text.uart_stm32_init
                0x00000000080020ac       0xf8 zephyr/drivers/serial/libdrivers__serial.a(uart_stm32.c.obj)
 .text.uart_stm32_configure
                0x00000000080021a4      0x15c zephyr/drivers/serial/libdrivers__serial.a(uart_stm32.c.obj)
 .text.elapsed  0x0000000008002300       0x3c zephyr/drivers/timer/libdrivers__timer.a(cortex_m_systick.c.obj)
 .text.sys_clock_driver_init
                0x000000000800233c       0x34 zephyr/drivers/timer/libdrivers__timer.a(cortex_m_systick.c.obj)
 .text.sys_clock_isr
                0x0000000008002370       0x44 zephyr/drivers/timer/libdrivers__timer.a(cortex_m_systick.c.obj)
                0x0000000008002370                sys_clock_isr
 .text.sys_clock_set_timeout
                0x00000000080023b4      0x144 zephyr/drivers/timer/libdrivers__timer.a(cortex_m_systick.c.obj)
                0x00000000080023b4                sys_clock_set_timeout
 .text.sys_clock_elapsed
                0x00000000080024f8       0xa4 zephyr/drivers/timer/libdrivers__timer.a(cortex_m_systick.c.obj)
                0x00000000080024f8                sys_clock_elapsed
 .text.pinctrl_configure_pins
                0x000000000800259c       0xac zephyr/drivers/pinctrl/libdrivers__pinctrl.a(pinctrl_stm32.c.obj)
                0x000000000800259c                pinctrl_configure_pins
 .text.HAL_RCC_GetSysClockFreq
                0x0000000008002648       0x5c modules/stm32/stm32cube/lib..__modules__hal__stm32__stm32cube.a(stm32f4xx_hal_rcc.c.obj)
                0x0000000008002648                HAL_RCC_GetSysClockFreq
 .text.LL_SetFlashLatency
                0x00000000080026a4      0x10c modules/stm32/stm32cube/lib..__modules__hal__stm32__stm32cube.a(stm32f4xx_ll_utils.c.obj)
                0x00000000080026a4                LL_SetFlashLatency
 .text.z_fatal_error
                0x00000000080027b0       0x64 zephyr/kernel/libkernel.a(fatal.c.obj)
                0x00000000080027b0                z_fatal_error
 .text.z_sys_init_run_level
                0x0000000008002814       0x44 zephyr/kernel/libkernel.a(init.c.obj)
 .text.bg_thread_main
                0x0000000008002858       0x34 zephyr/kernel/libkernel.a(init.c.obj)
 .text.z_bss_zero
                0x000000000800288c       0x18 zephyr/kernel/libkernel.a(init.c.obj)
                0x000000000800288c                z_bss_zero
 .text.z_init_cpu
                0x00000000080028a4       0x78 zephyr/kernel/libkernel.a(init.c.obj)
                0x00000000080028a4                z_init_cpu
 .text.z_cstart
                0x000000000800291c       0xd8 zephyr/kernel/libkernel.a(init.c.obj)
                0x000000000800291c                z_cstart
 .text.z_impl_k_thread_name_set
                0x00000000080029f4       0x20 zephyr/kernel/libkernel.a(thread.c.obj)
                0x00000000080029f4                z_impl_k_thread_name_set
 .text.z_spin_lock_valid
                0x0000000008002a14       0x1c zephyr/kernel/libkernel.a(thread.c.obj)
                0x0000000008002a14                z_spin_lock_valid
 .text.z_spin_unlock_valid
                0x0000000008002a30       0x20 zephyr/kernel/libkernel.a(thread.c.obj)
                0x0000000008002a30                z_spin_unlock_valid
 .text.z_spin_lock_set_owner
                0x0000000008002a50       0x10 zephyr/kernel/libkernel.a(thread.c.obj)
                0x0000000008002a50                z_spin_lock_set_owner
 .text.z_thread_monitor_exit
                0x0000000008002a60       0xa8 zephyr/kernel/libkernel.a(thread.c.obj)
                0x0000000008002a60                z_thread_monitor_exit
 .text.z_setup_new_thread
                0x0000000008002b08      0x168 zephyr/kernel/libkernel.a(thread.c.obj)
                0x0000000008002b08                z_setup_new_thread
 .text.z_impl_k_thread_create
                0x0000000008002c70       0x8c zephyr/kernel/libkernel.a(thread.c.obj)
                0x0000000008002c70                z_impl_k_thread_create
 .text.z_init_static_threads
                0x0000000008002cfc       0xe4 zephyr/kernel/libkernel.a(thread.c.obj)
                0x0000000008002cfc                z_init_static_threads
 .text.idle     0x0000000008002de0       0x48 zephyr/kernel/libkernel.a(idle.c.obj)
                0x0000000008002de0                idle
 .text.z_impl_k_mutex_lock
                0x0000000008002e28      0x1a0 zephyr/kernel/libkernel.a(mutex.c.obj)
                0x0000000008002e28                z_impl_k_mutex_lock
 .text.z_impl_k_mutex_unlock
                0x0000000008002fc8      0x11c zephyr/kernel/libkernel.a(mutex.c.obj)
                0x0000000008002fc8                z_impl_k_mutex_unlock
 .text.z_reset_time_slice
                0x00000000080030e4       0x28 zephyr/kernel/libkernel.a(sched.c.obj)
                0x00000000080030e4                z_reset_time_slice
 .text.update_cache
                0x000000000800310c       0x6c zephyr/kernel/libkernel.a(sched.c.obj)
 .text.k_sched_time_slice_set
                0x0000000008003178       0xb8 zephyr/kernel/libkernel.a(sched.c.obj)
                0x0000000008003178                k_sched_time_slice_set
 .text.z_reschedule
                0x0000000008003230       0x84 zephyr/kernel/libkernel.a(sched.c.obj)
                0x0000000008003230                z_reschedule
 .text.k_sched_lock
                0x00000000080032b4       0xd8 zephyr/kernel/libkernel.a(sched.c.obj)
                0x00000000080032b4                k_sched_lock
 .text.k_sched_unlock
                0x000000000800338c       0xe8 zephyr/kernel/libkernel.a(sched.c.obj)
                0x000000000800338c                k_sched_unlock
 .text.z_priq_dumb_remove
                0x0000000008003474       0x40 zephyr/kernel/libkernel.a(sched.c.obj)
                0x0000000008003474                z_priq_dumb_remove
 .text.unpend_thread_no_timeout
                0x00000000080034b4       0x40 zephyr/kernel/libkernel.a(sched.c.obj)
 .text.z_unpend_first_thread
                0x00000000080034f4       0xa0 zephyr/kernel/libkernel.a(sched.c.obj)
                0x00000000080034f4                z_unpend_first_thread
 .text.z_priq_rb_add
                0x0000000008003594       0x8c zephyr/kernel/libkernel.a(sched.c.obj)
                0x0000000008003594                z_priq_rb_add
 .text.ready_thread
                0x0000000008003620       0x34 zephyr/kernel/libkernel.a(sched.c.obj)
 .text.z_ready_thread
                0x0000000008003654       0x8c zephyr/kernel/libkernel.a(sched.c.obj)
                0x0000000008003654                z_ready_thread
 .text.z_sched_start
                0x00000000080036e0       0xa4 zephyr/kernel/libkernel.a(sched.c.obj)
                0x00000000080036e0                z_sched_start
 .text.z_thread_timeout
                0x0000000008003784       0xb0 zephyr/kernel/libkernel.a(sched.c.obj)
                0x0000000008003784                z_thread_timeout
 .text.z_priq_rb_remove
                0x0000000008003834       0x40 zephyr/kernel/libkernel.a(sched.c.obj)
                0x0000000008003834                z_priq_rb_remove
 .text.move_thread_to_end_of_prio_q
                0x0000000008003874       0x48 zephyr/kernel/libkernel.a(sched.c.obj)
 .text.z_time_slice
                0x00000000080038bc       0xec zephyr/kernel/libkernel.a(sched.c.obj)
                0x00000000080038bc                z_time_slice
 .text.unready_thread
                0x00000000080039a8       0x38 zephyr/kernel/libkernel.a(sched.c.obj)
 .text.add_to_waitq_locked
                0x00000000080039e0       0x7c zephyr/kernel/libkernel.a(sched.c.obj)
 .text.pend_locked
                0x0000000008003a5c       0x30 zephyr/kernel/libkernel.a(sched.c.obj)
 .text.z_pend_curr
                0x0000000008003a8c       0xec zephyr/kernel/libkernel.a(sched.c.obj)
                0x0000000008003a8c                z_pend_curr
 .text.z_set_prio
                0x0000000008003b78       0xc8 zephyr/kernel/libkernel.a(sched.c.obj)
                0x0000000008003b78                z_set_prio
 .text.z_impl_k_thread_suspend
                0x0000000008003c40       0xd0 zephyr/kernel/libkernel.a(sched.c.obj)
                0x0000000008003c40                z_impl_k_thread_suspend
 .text.init_ready_q
                0x0000000008003d10       0x18 zephyr/kernel/libkernel.a(sched.c.obj)
                0x0000000008003d10                init_ready_q
 .text.z_sched_init
                0x0000000008003d28       0x18 zephyr/kernel/libkernel.a(sched.c.obj)
                0x0000000008003d28                z_sched_init
 .text.z_impl_k_yield
                0x0000000008003d40       0xe0 zephyr/kernel/libkernel.a(sched.c.obj)
                0x0000000008003d40                z_impl_k_yield
 .text.z_tick_sleep
                0x0000000008003e20      0x144 zephyr/kernel/libkernel.a(sched.c.obj)
 .text.z_impl_k_sleep
                0x0000000008003f64       0x64 zephyr/kernel/libkernel.a(sched.c.obj)
                0x0000000008003f64                z_impl_k_sleep
 .text.z_impl_z_current_get
                0x0000000008003fc8        0xc zephyr/kernel/libkernel.a(sched.c.obj)
                0x0000000008003fc8                z_impl_z_current_get
 .text.z_thread_abort
                0x0000000008003fd4      0x198 zephyr/kernel/libkernel.a(sched.c.obj)
                0x0000000008003fd4                z_thread_abort
 .text.z_data_copy
                0x000000000800416c       0x34 zephyr/kernel/libkernel.a(xip.c.obj)
                0x000000000800416c                z_data_copy
 .text.elapsed  0x00000000080041a0       0x14 zephyr/kernel/libkernel.a(timeout.c.obj)
 .text.next_timeout
                0x00000000080041b4       0x50 zephyr/kernel/libkernel.a(timeout.c.obj)
 .text.remove_timeout
                0x0000000008004204       0x38 zephyr/kernel/libkernel.a(timeout.c.obj)
 .text.z_add_timeout
                0x000000000800423c      0x18c zephyr/kernel/libkernel.a(timeout.c.obj)
                0x000000000800423c                z_add_timeout
 .text.z_abort_timeout
                0x00000000080043c8       0x98 zephyr/kernel/libkernel.a(timeout.c.obj)
                0x00000000080043c8                z_abort_timeout
 .text.z_set_timeout_expiry
                0x0000000008004460       0xa0 zephyr/kernel/libkernel.a(timeout.c.obj)
                0x0000000008004460                z_set_timeout_expiry
 .text.sys_clock_announce
                0x0000000008004500      0x140 zephyr/kernel/libkernel.a(timeout.c.obj)
                0x0000000008004500                sys_clock_announce
 .text.sys_clock_tick_get
                0x0000000008004640       0x9c zephyr/kernel/libkernel.a(timeout.c.obj)
                0x0000000008004640                sys_clock_tick_get
 .text.boot_banner
                0x00000000080046dc        0xc zephyr/kernel/libkernel.a(banner.c.obj)
                0x00000000080046dc                boot_banner
 .text._OffsetAbsSyms
                0x00000000080046e8        0x2 zephyr/CMakeFiles/offsets.dir/./arch/arm/core/offsets/offsets.c.obj
                0x00000000080046e8                _OffsetAbsSyms
 .text.k_msleep.isra.0
                0x00000000080046ea        0xe app/libapp.a(main.c.obj)
 .text.arch_printk_char_out
                0x00000000080046f8        0x4 zephyr/libzephyr.a(printk.c.obj)
                0x00000000080046f8                arch_printk_char_out
 .text.str_out  0x00000000080046fc       0x26 zephyr/libzephyr.a(printk.c.obj)
 .text.printk   0x0000000008004722       0x1a zephyr/libzephyr.a(printk.c.obj)
                0x0000000008004722                printk
 .text.snprintk
                0x000000000800473c       0x1a zephyr/libzephyr.a(printk.c.obj)
                0x000000000800473c                snprintk
 .text.find_and_stack
                0x0000000008004756       0x3a zephyr/libzephyr.a(rb.c.obj)
 .text.stack_left_limb
                0x0000000008004790       0x3c zephyr/libzephyr.a(rb.c.obj)
 .text.set_child
                0x00000000080047cc       0x12 zephyr/libzephyr.a(rb.c.obj)
 .text.rotate   0x00000000080047de       0xa8 zephyr/libzephyr.a(rb.c.obj)
 .text.z_rb_get_minmax
                0x0000000008004886       0x1a zephyr/libzephyr.a(rb.c.obj)
                0x0000000008004886                z_rb_get_minmax
 .text.rb_insert
                0x00000000080048a0      0x134 zephyr/libzephyr.a(rb.c.obj)
                0x00000000080048a0                rb_insert
 .text.z_rb_foreach_next
                0x00000000080049d4       0x56 zephyr/libzephyr.a(rb.c.obj)
                0x00000000080049d4                z_rb_foreach_next
 .text.z_thread_entry
                0x0000000008004a2a       0x14 zephyr/libzephyr.a(thread_entry.c.obj)
                0x0000000008004a2a                z_thread_entry
 .text.encode_uint
                0x0000000008004a3e       0x8c zephyr/libzephyr.a(cbprintf_complete.c.obj)
 .text.outs     0x0000000008004aca       0x2e zephyr/libzephyr.a(cbprintf_complete.c.obj)
 .text.assert_post_action
                0x0000000008004af8        0xe zephyr/libzephyr.a(assert.c.obj)
                0x0000000008004af8                assert_post_action
 .text.assert_print
                0x0000000008004b06       0x1a zephyr/libzephyr.a(assert.c.obj)
                0x0000000008004b06                assert_print
 .text._ConfigAbsSyms
                0x0000000008004b20        0x2 zephyr/libzephyr.a(configs.c.obj)
                0x0000000008004b20                _ConfigAbsSyms
 .text.st_stm32_common_config
                0x0000000008004b22        0x4 zephyr/libzephyr.a(soc_config.c.obj)
 .text.z_arm_fatal_error
                0x0000000008004b26        0x4 zephyr/arch/arch/arm/core/aarch32/libarch__arm__core__aarch32.a(fatal.c.obj)
                0x0000000008004b26                z_arm_fatal_error
 .text.z_do_kernel_oops
                0x0000000008004b2a        0x8 zephyr/arch/arch/arm/core/aarch32/libarch__arm__core__aarch32.a(fatal.c.obj)
                0x0000000008004b2a                z_do_kernel_oops
 .text.z_irq_spurious
                0x0000000008004b32        0x8 zephyr/arch/arch/arm/core/aarch32/libarch__arm__core__aarch32.a(irq_manage.c.obj)
                0x0000000008004b32                z_irq_spurious
 .text.z_arm_nmi
                0x0000000008004b3a        0xe zephyr/arch/arch/arm/core/aarch32/libarch__arm__core__aarch32.a(nmi.c.obj)
                0x0000000008004b3a                z_arm_nmi
 .text.strncpy  0x0000000008004b48       0x28 zephyr/lib/libc/minimal/liblib__libc__minimal.a(string.c.obj)
                0x0000000008004b48                strncpy
 .text.strlen   0x0000000008004b70        0xe zephyr/lib/libc/minimal/liblib__libc__minimal.a(string.c.obj)
                0x0000000008004b70                strlen
 .text.strnlen  0x0000000008004b7e       0x12 zephyr/lib/libc/minimal/liblib__libc__minimal.a(string.c.obj)
                0x0000000008004b7e                strnlen
 .text.memcpy   0x0000000008004b90       0x16 zephyr/lib/libc/minimal/liblib__libc__minimal.a(string.c.obj)
                0x0000000008004b90                memcpy
 .text.memset   0x0000000008004ba6       0x12 zephyr/lib/libc/minimal/liblib__libc__minimal.a(string.c.obj)
                0x0000000008004ba6                memset
 .text.stm32_exti_init
                0x0000000008004bb8       0x74 zephyr/drivers/interrupt_controller/libdrivers__interrupt_controller.a(intc_exti_stm32.c.obj)
 .text.__stm32_exti_isr_22
                0x0000000008004c2c        0xa zephyr/drivers/interrupt_controller/libdrivers__interrupt_controller.a(intc_exti_stm32.c.obj)
 .text.__stm32_exti_isr_21
                0x0000000008004c36        0xa zephyr/drivers/interrupt_controller/libdrivers__interrupt_controller.a(intc_exti_stm32.c.obj)
 .text.__stm32_exti_isr_18
                0x0000000008004c40        0xa zephyr/drivers/interrupt_controller/libdrivers__interrupt_controller.a(intc_exti_stm32.c.obj)
 .text.__stm32_exti_isr_16
                0x0000000008004c4a        0xa zephyr/drivers/interrupt_controller/libdrivers__interrupt_controller.a(intc_exti_stm32.c.obj)
 .text.__stm32_exti_isr_15_10
                0x0000000008004c54        0xa zephyr/drivers/interrupt_controller/libdrivers__interrupt_controller.a(intc_exti_stm32.c.obj)
 .text.__stm32_exti_isr_9_5
                0x0000000008004c5e        0xa zephyr/drivers/interrupt_controller/libdrivers__interrupt_controller.a(intc_exti_stm32.c.obj)
 .text.__stm32_exti_isr_4
                0x0000000008004c68        0xa zephyr/drivers/interrupt_controller/libdrivers__interrupt_controller.a(intc_exti_stm32.c.obj)
 .text.__stm32_exti_isr_3
                0x0000000008004c72        0xa zephyr/drivers/interrupt_controller/libdrivers__interrupt_controller.a(intc_exti_stm32.c.obj)
 .text.__stm32_exti_isr_2
                0x0000000008004c7c        0xa zephyr/drivers/interrupt_controller/libdrivers__interrupt_controller.a(intc_exti_stm32.c.obj)
 .text.__stm32_exti_isr_1
                0x0000000008004c86        0xa zephyr/drivers/interrupt_controller/libdrivers__interrupt_controller.a(intc_exti_stm32.c.obj)
 .text.__stm32_exti_isr_0
                0x0000000008004c90        0xa zephyr/drivers/interrupt_controller/libdrivers__interrupt_controller.a(intc_exti_stm32.c.obj)
 .text.stm32_clock_control_on
                0x0000000008004c9a       0x24 zephyr/drivers/clock_control/libdrivers__clock_control.a(clock_stm32_ll_common.c.obj)
 .text.stm32_clock_control_off
                0x0000000008004cbe       0x24 zephyr/drivers/clock_control/libdrivers__clock_control.a(clock_stm32_ll_common.c.obj)
 .text.stm32_clock_control_configure
                0x0000000008004ce2       0x34 zephyr/drivers/clock_control/libdrivers__clock_control.a(clock_stm32_ll_common.c.obj)
 .text.gpio_stm32_port_get_raw
                0x0000000008004d16        0xc zephyr/drivers/gpio/libdrivers__gpio.a(gpio_stm32.c.obj)
 .text.gpio_stm32_port_set_masked_raw
                0x0000000008004d22       0x12 zephyr/drivers/gpio/libdrivers__gpio.a(gpio_stm32.c.obj)
 .text.gpio_stm32_port_set_bits_raw
                0x0000000008004d34        0xa zephyr/drivers/gpio/libdrivers__gpio.a(gpio_stm32.c.obj)
 .text.gpio_stm32_port_clear_bits_raw
                0x0000000008004d3e        0xc zephyr/drivers/gpio/libdrivers__gpio.a(gpio_stm32.c.obj)
 .text.gpio_stm32_port_toggle_bits
                0x0000000008004d4a        0xe zephyr/drivers/gpio/libdrivers__gpio.a(gpio_stm32.c.obj)
 .text.gpio_stm32_configure_raw.isra.0
                0x0000000008004d58      0x106 zephyr/drivers/gpio/libdrivers__gpio.a(gpio_stm32.c.obj)
 .text.gpio_stm32_config
                0x0000000008004e5e       0x78 zephyr/drivers/gpio/libdrivers__gpio.a(gpio_stm32.c.obj)
 .text.gpio_stm32_configure
                0x0000000008004ed6       0x30 zephyr/drivers/gpio/libdrivers__gpio.a(gpio_stm32.c.obj)
                0x0000000008004ed6                gpio_stm32_configure
 .text.LL_USART_ClearFlag_PE
                0x0000000008004f06       0x12 zephyr/drivers/serial/libdrivers__serial.a(uart_stm32.c.obj)
 .text.uart_stm32_poll_in
                0x0000000008004f18       0x22 zephyr/drivers/serial/libdrivers__serial.a(uart_stm32.c.obj)
 .text.uart_stm32_poll_out
                0x0000000008004f3a       0x3a zephyr/drivers/serial/libdrivers__serial.a(uart_stm32.c.obj)
 .text.uart_stm32_err_check
                0x0000000008004f74       0x66 zephyr/drivers/serial/libdrivers__serial.a(uart_stm32.c.obj)
 .text.uart_stm32_fifo_fill
                0x0000000008004fda       0x48 zephyr/drivers/serial/libdrivers__serial.a(uart_stm32.c.obj)
 .text.uart_stm32_fifo_read
                0x0000000008005022       0x2a zephyr/drivers/serial/libdrivers__serial.a(uart_stm32.c.obj)
 .text.uart_stm32_irq_tx_enable
                0x000000000800504c       0x1e zephyr/drivers/serial/libdrivers__serial.a(uart_stm32.c.obj)
 .text.uart_stm32_irq_tx_disable
                0x000000000800506a       0x1e zephyr/drivers/serial/libdrivers__serial.a(uart_stm32.c.obj)
 .text.uart_stm32_irq_tx_ready
                0x0000000008005088       0x14 zephyr/drivers/serial/libdrivers__serial.a(uart_stm32.c.obj)
 .text.uart_stm32_irq_tx_complete
                0x000000000800509c        0xc zephyr/drivers/serial/libdrivers__serial.a(uart_stm32.c.obj)
 .text.uart_stm32_irq_rx_enable
                0x00000000080050a8       0x1e zephyr/drivers/serial/libdrivers__serial.a(uart_stm32.c.obj)
 .text.uart_stm32_irq_rx_disable
                0x00000000080050c6       0x1e zephyr/drivers/serial/libdrivers__serial.a(uart_stm32.c.obj)
 .text.uart_stm32_irq_rx_ready
                0x00000000080050e4        0xc zephyr/drivers/serial/libdrivers__serial.a(uart_stm32.c.obj)
 .text.uart_stm32_irq_is_pending
                0x00000000080050f0       0x24 zephyr/drivers/serial/libdrivers__serial.a(uart_stm32.c.obj)
 .text.uart_stm32_irq_update
                0x0000000008005114        0x4 zephyr/drivers/serial/libdrivers__serial.a(uart_stm32.c.obj)
 .text.uart_stm32_irq_callback_set
                0x0000000008005118        0x8 zephyr/drivers/serial/libdrivers__serial.a(uart_stm32.c.obj)
 .text.uart_stm32_isr
                0x0000000008005120        0xc zephyr/drivers/serial/libdrivers__serial.a(uart_stm32.c.obj)
 .text.uart_stm32_irq_config_func_0
                0x000000000800512c       0x16 zephyr/drivers/serial/libdrivers__serial.a(uart_stm32.c.obj)
 .text.uart_stm32_config_get
                0x0000000008005142       0x8c zephyr/drivers/serial/libdrivers__serial.a(uart_stm32.c.obj)
 .text.pinctrl_lookup_state
                0x00000000080051ce       0x26 zephyr/drivers/pinctrl/libdrivers__pinctrl.a(common.c.obj)
                0x00000000080051ce                pinctrl_lookup_state
 .text.reset_stm32_status
                0x00000000080051f4       0x20 zephyr/drivers/reset/libdrivers__reset.a(reset_stm32.c.obj)
 .text.reset_stm32_line_assert
                0x0000000008005214       0x1c zephyr/drivers/reset/libdrivers__reset.a(reset_stm32.c.obj)
 .text.reset_stm32_line_deassert
                0x0000000008005230       0x1e zephyr/drivers/reset/libdrivers__reset.a(reset_stm32.c.obj)
 .text.reset_stm32_line_toggle
                0x000000000800524e       0x16 zephyr/drivers/reset/libdrivers__reset.a(reset_stm32.c.obj)
 .text.reset_stm32_init
                0x0000000008005264        0x4 zephyr/drivers/reset/libdrivers__reset.a(reset_stm32.c.obj)
 .text.z_device_state_init
                0x0000000008005268        0x2 zephyr/kernel/libkernel.a(device.c.obj)
                0x0000000008005268                z_device_state_init
 .text.z_device_is_ready
                0x000000000800526a       0x16 zephyr/kernel/libkernel.a(device.c.obj)
                0x000000000800526a                z_device_is_ready
 .text.arch_system_halt
                0x0000000008005280       0x12 zephyr/kernel/libkernel.a(fatal.c.obj)
                0x0000000008005280                arch_system_halt
 .text.k_sys_fatal_error_handler
                0x0000000008005292        0x6 zephyr/kernel/libkernel.a(fatal.c.obj)
                0x0000000008005292                k_sys_fatal_error_handler
 .text.z_early_memset
                0x0000000008005298        0x4 zephyr/kernel/libkernel.a(init.c.obj)
                0x0000000008005298                z_early_memset
 .text.z_early_memcpy
                0x000000000800529c        0x4 zephyr/kernel/libkernel.a(init.c.obj)
                0x000000000800529c                z_early_memcpy
 .text.z_impl_k_thread_start
                0x00000000080052a0        0x4 zephyr/kernel/libkernel.a(thread.c.obj)
                0x00000000080052a0                z_impl_k_thread_start
 .text.adjust_owner_prio.isra.0
                0x00000000080052a4       0x10 zephyr/kernel/libkernel.a(mutex.c.obj)
 .text.z_impl_k_mutex_init
                0x00000000080052b4        0xe zephyr/kernel/libkernel.a(mutex.c.obj)
                0x00000000080052b4                z_impl_k_mutex_init
 .text.z_priq_rb_lessthan
                0x00000000080052c2       0x24 zephyr/kernel/libkernel.a(sched.c.obj)
                0x00000000080052c2                z_priq_rb_lessthan
 .text.z_reschedule_irqlock
                0x00000000080052e6       0x18 zephyr/kernel/libkernel.a(sched.c.obj)
                0x00000000080052e6                z_reschedule_irqlock
 .text.z_reschedule_unlocked
                0x00000000080052fe       0x14 zephyr/kernel/libkernel.a(sched.c.obj)
 .text.z_impl_k_thread_priority_get
                0x0000000008005312        0x6 zephyr/kernel/libkernel.a(sched.c.obj)
                0x0000000008005312                z_impl_k_thread_priority_get
 .text.sys_clock_tick_get_32
                0x0000000008005318        0x8 zephyr/kernel/libkernel.a(timeout.c.obj)
                0x0000000008005318                sys_clock_tick_get_32
 .text.z_impl_k_uptime_ticks
                0x0000000008005320        0x4 zephyr/kernel/libkernel.a(timeout.c.obj)
                0x0000000008005320                z_impl_k_uptime_ticks
 *(SORT_BY_ALIGNMENT(.TEXT.*))
 *(SORT_BY_ALIGNMENT(.gnu.linkonce.t.*))
 *(SORT_BY_ALIGNMENT(.glue_7t))
 .glue_7t       0x0000000008005324        0x0 linker stubs
 *(SORT_BY_ALIGNMENT(.glue_7))
 .glue_7        0x0000000008005324        0x0 linker stubs
 *(SORT_BY_ALIGNMENT(.vfp11_veneer))
 .vfp11_veneer  0x0000000008005324        0x0 linker stubs
 *(SORT_BY_ALIGNMENT(.v4_bx))
 .v4_bx         0x0000000008005324        0x0 linker stubs
                0x0000000008005324                . = ALIGN (0x4)
                0x0000000008005324                __text_region_end = .

.ARM.exidx      0x0000000008005324        0x8
                0x0000000008005324                __exidx_start = .
 *(SORT_BY_ALIGNMENT(.ARM.exidx*) SORT_BY_ALIGNMENT(gnu.linkonce.armexidx.*))
 .ARM.exidx     0x0000000008005324        0x8 /Users/guillaumebour/.local/opt/arm-zephyr-eabi/bin/../lib/gcc/arm-zephyr-eabi/12.1.0/thumb/v7e-m/nofp/libgcc.a(_udivmoddi4.o)
                0x000000000800532c                __exidx_end = .
                0x000000000800532c                __rodata_region_start = .

initlevel       0x000000000800532c       0x80
                0x000000000800532c                __init_start = .
                0x000000000800532c                __init_EARLY_start = .
 *(SORT_BY_NAME(SORT_BY_ALIGNMENT(.z_init_EARLY[0-9]_*)))
 *(SORT_BY_NAME(SORT_BY_ALIGNMENT(.z_init_EARLY[1-9][0-9]_*)))
                0x000000000800532c                __init_PRE_KERNEL_1_start = .
 *(SORT_BY_NAME(SORT_BY_ALIGNMENT(.z_init_PRE_KERNEL_1[0-9]_*)))
 .z_init_PRE_KERNEL_10_
                0x000000000800532c        0x8 zephyr/libzephyr.a(soc.c.obj)
 .z_init_PRE_KERNEL_11_
                0x0000000008005334        0x8 zephyr/libzephyr.a(soc_config.c.obj)
 .z_init_PRE_KERNEL_11_
                0x000000000800533c        0x8 zephyr/drivers/clock_control/libdrivers__clock_control.a(clock_stm32_ll_common.c.obj)
 *(SORT_BY_NAME(SORT_BY_ALIGNMENT(.z_init_PRE_KERNEL_1[1-9][0-9]_*)))
 .z_init_PRE_KERNEL_140_
                0x0000000008005344        0x8 zephyr/drivers/interrupt_controller/libdrivers__interrupt_controller.a(intc_exti_stm32.c.obj)
 .z_init_PRE_KERNEL_140_
                0x000000000800534c       0x40 zephyr/drivers/gpio/libdrivers__gpio.a(gpio_stm32.c.obj)
 .z_init_PRE_KERNEL_140_
                0x000000000800538c        0x8 zephyr/drivers/reset/libdrivers__reset.a(reset_stm32.c.obj)
 .z_init_PRE_KERNEL_155_
                0x0000000008005394        0x8 zephyr/drivers/serial/libdrivers__serial.a(uart_stm32.c.obj)
 .z_init_PRE_KERNEL_160_
                0x000000000800539c        0x8 zephyr/drivers/console/libdrivers__console.a(uart_console.c.obj)
                0x00000000080053a4                __init_PRE_KERNEL_2_start = .
 *(SORT_BY_NAME(SORT_BY_ALIGNMENT(.z_init_PRE_KERNEL_2[0-9]_*)))
 .z_init_PRE_KERNEL_20_
                0x00000000080053a4        0x8 zephyr/drivers/timer/libdrivers__timer.a(cortex_m_systick.c.obj)
 *(SORT_BY_NAME(SORT_BY_ALIGNMENT(.z_init_PRE_KERNEL_2[1-9][0-9]_*)))
                0x00000000080053ac                __init_POST_KERNEL_start = .
 *(SORT_BY_NAME(SORT_BY_ALIGNMENT(.z_init_POST_KERNEL[0-9]_*)))
 *(SORT_BY_NAME(SORT_BY_ALIGNMENT(.z_init_POST_KERNEL[1-9][0-9]_*)))
                0x00000000080053ac                __init_APPLICATION_start = .
 *(SORT_BY_NAME(SORT_BY_ALIGNMENT(.z_init_APPLICATION[0-9]_*)))
 *(SORT_BY_NAME(SORT_BY_ALIGNMENT(.z_init_APPLICATION[1-9][0-9]_*)))
                0x00000000080053ac                __init_SMP_start = .
 *(SORT_BY_NAME(SORT_BY_ALIGNMENT(.z_init_SMP[0-9]_*)))
 *(SORT_BY_NAME(SORT_BY_ALIGNMENT(.z_init_SMP[1-9][0-9]_*)))
                0x00000000080053ac                __init_end = .

devices         0x00000000080053ac      0x120
                0x00000000080053ac                __device_start = .
                0x00000000080053ac                __device_EARLY_start = .
 *(SORT_BY_NAME(SORT_BY_ALIGNMENT(.z_device_EARLY[0-9]_*)))
 *(SORT_BY_NAME(SORT_BY_ALIGNMENT(.z_device_EARLY[1-9][0-9]_*)))
                0x00000000080053ac                __device_PRE_KERNEL_1_start = .
 *(SORT_BY_NAME(SORT_BY_ALIGNMENT(.z_device_PRE_KERNEL_1[0-9]_*)))
 .z_device_PRE_KERNEL_11_
                0x00000000080053ac       0x18 zephyr/drivers/clock_control/libdrivers__clock_control.a(clock_stm32_ll_common.c.obj)
                0x00000000080053ac                __device_dts_ord_8
 *(SORT_BY_NAME(SORT_BY_ALIGNMENT(.z_device_PRE_KERNEL_1[1-9][0-9]_*)))
 .z_device_PRE_KERNEL_140_
                0x00000000080053c4       0x18 zephyr/drivers/interrupt_controller/libdrivers__interrupt_controller.a(intc_exti_stm32.c.obj)
                0x00000000080053c4                __device_dts_ord_48
 .z_device_PRE_KERNEL_140_
                0x00000000080053dc       0xc0 zephyr/drivers/gpio/libdrivers__gpio.a(gpio_stm32.c.obj)
                0x00000000080053dc                __device_dts_ord_79
                0x00000000080053f4                __device_dts_ord_78
                0x000000000800540c                __device_dts_ord_77
                0x0000000008005424                __device_dts_ord_72
                0x000000000800543c                __device_dts_ord_22
                0x0000000008005454                __device_dts_ord_76
                0x000000000800546c                __device_dts_ord_75
                0x0000000008005484                __device_dts_ord_19
 .z_device_PRE_KERNEL_140_
                0x000000000800549c       0x18 zephyr/drivers/reset/libdrivers__reset.a(reset_stm32.c.obj)
                0x000000000800549c                __device_dts_ord_28
 .z_device_PRE_KERNEL_155_
                0x00000000080054b4       0x18 zephyr/drivers/serial/libdrivers__serial.a(uart_stm32.c.obj)
                0x00000000080054b4                __device_dts_ord_52
                0x00000000080054cc                __device_PRE_KERNEL_2_start = .
 *(SORT_BY_NAME(SORT_BY_ALIGNMENT(.z_device_PRE_KERNEL_2[0-9]_*)))
 *(SORT_BY_NAME(SORT_BY_ALIGNMENT(.z_device_PRE_KERNEL_2[1-9][0-9]_*)))
                0x00000000080054cc                __device_POST_KERNEL_start = .
 *(SORT_BY_NAME(SORT_BY_ALIGNMENT(.z_device_POST_KERNEL[0-9]_*)))
 *(SORT_BY_NAME(SORT_BY_ALIGNMENT(.z_device_POST_KERNEL[1-9][0-9]_*)))
                0x00000000080054cc                __device_APPLICATION_start = .
 *(SORT_BY_NAME(SORT_BY_ALIGNMENT(.z_device_APPLICATION[0-9]_*)))
 *(SORT_BY_NAME(SORT_BY_ALIGNMENT(.z_device_APPLICATION[1-9][0-9]_*)))
                0x00000000080054cc                __device_SMP_start = .
 *(SORT_BY_NAME(SORT_BY_ALIGNMENT(.z_device_SMP[0-9]_*)))
 *(SORT_BY_NAME(SORT_BY_ALIGNMENT(.z_device_SMP[1-9][0-9]_*)))
                0x00000000080054cc                __device_end = .

sw_isr_table    0x00000000080054cc      0x2b0
                0x00000000080054cc                . = ALIGN (0x4)
 *(SORT_BY_ALIGNMENT(.gnu.linkonce.sw_isr_table*))
 .gnu.linkonce.sw_isr_table
                0x00000000080054cc      0x2b0 zephyr/CMakeFiles/zephyr_final.dir/isr_tables.c.obj
                0x00000000080054cc                _sw_isr_table

initlevel_error
                0x000000000800532c        0x0
 *(SORT_BY_NAME(SORT_BY_ALIGNMENT(.z_init_[_A-Z0-9]*)))
                0x0000000000000001                ASSERT ((SIZEOF (initlevel_error) == 0x0), Undefined initialization levels used.)

app_shmem_regions
                0x000000000800577c        0x0
                0x000000000800577c                __app_shmem_regions_start = .
 *(SORT_BY_NAME(SORT_BY_ALIGNMENT(.app_regions.*)))
                0x000000000800577c                __app_shmem_regions_end = .

k_p4wq_initparam_area
                0x000000000800577c        0x0
                0x000000000800577c                _k_p4wq_initparam_list_start = .
 *(SORT_BY_NAME(SORT_BY_ALIGNMENT(._k_p4wq_initparam.static.*)))
                0x000000000800577c                _k_p4wq_initparam_list_end = .

_static_thread_data_area
                0x000000000800577c        0x0
                0x000000000800577c                __static_thread_data_list_start = .
 *(SORT_BY_NAME(SORT_BY_ALIGNMENT(.__static_thread_data.static.*)))
                0x000000000800577c                __static_thread_data_list_end = .

device_handles  0x000000000800577c       0x74
                0x000000000800577c                __device_handles_start = .
 *(SORT_BY_NAME(SORT_BY_ALIGNMENT(.__device_handles_pass2*)))
 .__device_handles_pass2
                0x000000000800577c       0x74 zephyr/CMakeFiles/zephyr_final.dir/dev_handles.c.obj
                0x000000000800577c                __devicehdl_dts_ord_52
                0x0000000008005786                __devicehdl_dts_ord_28
                0x0000000008005790                __devicehdl_dts_ord_19
                0x0000000008005798                __devicehdl_dts_ord_75
                0x00000000080057a0                __devicehdl_dts_ord_76
                0x00000000080057a8                __devicehdl_dts_ord_22
                0x00000000080057b0                __devicehdl_dts_ord_72
                0x00000000080057b8                __devicehdl_dts_ord_77
                0x00000000080057c0                __devicehdl_dts_ord_78
                0x00000000080057c8                __devicehdl_dts_ord_79
                0x00000000080057d0                __devicehdl_dts_ord_48
                0x00000000080057d6                __devicehdl_dts_ord_8
                0x00000000080057f0                __device_handles_end = .

ztest           0x00000000080057f0        0x0
                0x00000000080057f0                _ztest_expected_result_entry_list_start = .
 *(SORT_BY_NAME(SORT_BY_ALIGNMENT(._ztest_expected_result_entry.static.*)))
                0x00000000080057f0                _ztest_expected_result_entry_list_end = .
                0x00000000080057f0                _ztest_suite_node_list_start = .
 *(SORT_BY_NAME(SORT_BY_ALIGNMENT(._ztest_suite_node.static.*)))
                0x00000000080057f0                _ztest_suite_node_list_end = .
                0x00000000080057f0                _ztest_unit_test_list_start = .
 *(SORT_BY_NAME(SORT_BY_ALIGNMENT(._ztest_unit_test.static.*)))
                0x00000000080057f0                _ztest_unit_test_list_end = .
                0x00000000080057f0                _ztest_test_rule_list_start = .
 *(SORT_BY_NAME(SORT_BY_ALIGNMENT(._ztest_test_rule.static.*)))
                0x00000000080057f0                _ztest_test_rule_list_end = .

bt_l2cap_fixed_chan_area
                0x00000000080057f0        0x0
                0x00000000080057f0                _bt_l2cap_fixed_chan_list_start = .
 *(SORT_BY_NAME(SORT_BY_ALIGNMENT(._bt_l2cap_fixed_chan.static.*)))
                0x00000000080057f0                _bt_l2cap_fixed_chan_list_end = .

bt_gatt_service_static_area
                0x00000000080057f0        0x0
                0x00000000080057f0                _bt_gatt_service_static_list_start = .
 *(SORT_BY_NAME(SORT_BY_ALIGNMENT(._bt_gatt_service_static.static.*)))
                0x00000000080057f0                _bt_gatt_service_static_list_end = .

log_strings_sections
                0x00000000080057f0        0x0
                0x00000000080057f0                __log_strings_start = .
 *(SORT_BY_NAME(SORT_BY_ALIGNMENT(.log_strings*)))
                0x00000000080057f0                __log_strings_end = .

log_const_sections
                0x00000000080057f0       0x20
                0x00000000080057f0                __log_const_start = .
 *(SORT_BY_NAME(SORT_BY_ALIGNMENT(.log_const_*)))
 .log_const_cbprintf_package
                0x00000000080057f0        0x8 zephyr/libzephyr.a(cbprintf_packaged.c.obj)
                0x00000000080057f0                log_const_cbprintf_package
 .log_const_mpu
                0x00000000080057f8        0x8 zephyr/arch/arch/arm/core/aarch32/mpu/libarch__arm__core__aarch32__mpu.a(arm_core_mpu.c.obj)
                0x00000000080057f8                log_const_mpu
 .log_const_os  0x0000000008005800        0x8 zephyr/kernel/libkernel.a(init.c.obj)
                0x0000000008005800                log_const_os
 .log_const_uart_stm32
                0x0000000008005808        0x8 zephyr/drivers/serial/libdrivers__serial.a(uart_stm32.c.obj)
                0x0000000008005808                log_const_uart_stm32
                0x0000000008005810                __log_const_end = .

log_backend_area
                0x0000000008005810        0x0
                0x0000000008005810                _log_backend_list_start = .
 *(SORT_BY_NAME(SORT_BY_ALIGNMENT(._log_backend.static.*)))
                0x0000000008005810                _log_backend_list_end = .

log_link_area   0x0000000008005810        0x0
                0x0000000008005810                _log_link_list_start = .
 *(SORT_BY_NAME(SORT_BY_ALIGNMENT(._log_link.static.*)))
                0x0000000008005810                _log_link_list_end = .

tracing_backend_area
                0x0000000008005810        0x0
                0x0000000008005810                _tracing_backend_list_start = .
 *(SORT_BY_NAME(SORT_BY_ALIGNMENT(._tracing_backend.static.*)))
                0x0000000008005810                _tracing_backend_list_end = .

zephyr_dbg_info
                0x0000000008005810       0x40
 *(SORT_BY_ALIGNMENT(.dbg_thread_info))
 .dbg_thread_info
                0x0000000008005810       0x40 zephyr/libzephyr.a(thread_info.c.obj)
                0x0000000008005810                _kernel_openocd_size_t_size
                0x0000000008005810                _kernel_thread_info_size_t_size
                0x0000000008005814                _kernel_thread_info_num_offsets
                0x0000000008005814                _kernel_openocd_num_offsets
                0x0000000008005818                _kernel_thread_info_offsets
                0x0000000008005818                _kernel_openocd_offsets

symbol_to_keep  0x0000000008005850        0x0
                0x0000000008005850                __symbol_to_keep_start = .
 *(SORT_BY_NAME(SORT_BY_ALIGNMENT(.symbol_to_keep*)))
                0x0000000008005850                __symbol_to_keep_end = .

shell_area      0x0000000008005850        0x0
                0x0000000008005850                _shell_list_start = .
 *(SORT_BY_NAME(SORT_BY_ALIGNMENT(._shell.static.*)))
                0x0000000008005850                _shell_list_end = .

shell_root_cmds_sections
                0x0000000008005850        0x0
                0x0000000008005850                __shell_root_cmds_start = .
 *(SORT_BY_NAME(SORT_BY_ALIGNMENT(.shell_root_cmd_*)))
                0x0000000008005850                __shell_root_cmds_end = .

shell_subcmds_sections
                0x0000000008005850        0x0
                0x0000000008005850                __shell_subcmds_start = .
 *(SORT_BY_NAME(SORT_BY_ALIGNMENT(.shell_subcmd_*)))
                0x0000000008005850                __shell_subcmds_end = .

shell_dynamic_subcmds_sections
                0x0000000008005850        0x0
                0x0000000008005850                __shell_dynamic_subcmds_start = .
 *(SORT_BY_NAME(SORT_BY_ALIGNMENT(.shell_dynamic_subcmd_*)))
                0x0000000008005850                __shell_dynamic_subcmds_end = .

font_entry_sections
                0x0000000008005850        0x0
                0x0000000008005850                __font_entry_start = .
 *(SORT_BY_NAME(SORT_BY_ALIGNMENT(._cfb_font.*)))
                0x0000000008005850                __font_entry_end = .

rodata          0x0000000008005850      0xf58
 *(SORT_BY_ALIGNMENT(.rodata))
 .rodata        0x0000000008005850        0x8 zephyr/drivers/gpio/libdrivers__gpio.a(gpio_stm32.c.obj)
 *(SORT_BY_ALIGNMENT(.rodata.*))
 .rodata.forks  0x0000000008005858       0x18 app/libapp.a(main.c.obj)
 .rodata.static_regions
                0x0000000008005870        0xc zephyr/arch/arch/arm/core/aarch32/mpu/libarch__arm__core__aarch32__mpu.a(arm_core_mpu.c.obj)
 .rodata.mpu_config
                0x000000000800587c        0x8 zephyr/soc/arm/common/cortex_m/libsoc__arm__common__cortex_m.a(arm_mpu_regions.c.obj)
                0x000000000800587c                mpu_config
 .rodata.mpu_regions
                0x0000000008005884       0x18 zephyr/soc/arm/common/cortex_m/libsoc__arm__common__cortex_m.a(arm_mpu_regions.c.obj)
 .rodata.gpio_stm32_cfg_h
                0x000000000800589c       0x14 zephyr/drivers/gpio/libdrivers__gpio.a(gpio_stm32.c.obj)
 .rodata.gpio_stm32_cfg_g
                0x00000000080058b0       0x14 zephyr/drivers/gpio/libdrivers__gpio.a(gpio_stm32.c.obj)
 .rodata.gpio_stm32_cfg_f
                0x00000000080058c4       0x14 zephyr/drivers/gpio/libdrivers__gpio.a(gpio_stm32.c.obj)
 .rodata.gpio_stm32_cfg_e
                0x00000000080058d8       0x14 zephyr/drivers/gpio/libdrivers__gpio.a(gpio_stm32.c.obj)
 .rodata.gpio_stm32_cfg_d
                0x00000000080058ec       0x14 zephyr/drivers/gpio/libdrivers__gpio.a(gpio_stm32.c.obj)
 .rodata.gpio_stm32_cfg_c
                0x0000000008005900       0x14 zephyr/drivers/gpio/libdrivers__gpio.a(gpio_stm32.c.obj)
 .rodata.gpio_stm32_cfg_b
                0x0000000008005914       0x14 zephyr/drivers/gpio/libdrivers__gpio.a(gpio_stm32.c.obj)
 .rodata.gpio_stm32_cfg_a
                0x0000000008005928       0x14 zephyr/drivers/gpio/libdrivers__gpio.a(gpio_stm32.c.obj)
 .rodata.gpio_stm32_driver
                0x000000000800593c       0x24 zephyr/drivers/gpio/libdrivers__gpio.a(gpio_stm32.c.obj)
 .rodata.uart_stm32_cfg_0
                0x0000000008005960       0x20 zephyr/drivers/serial/libdrivers__serial.a(uart_stm32.c.obj)
 .rodata.pclken_0
                0x0000000008005980        0x8 zephyr/drivers/serial/libdrivers__serial.a(uart_stm32.c.obj)
 .rodata.__pinctrl_dev_config__device_dts_ord_52
                0x0000000008005988        0x8 zephyr/drivers/serial/libdrivers__serial.a(uart_stm32.c.obj)
 .rodata.__pinctrl_states__device_dts_ord_52
                0x0000000008005990        0x8 zephyr/drivers/serial/libdrivers__serial.a(uart_stm32.c.obj)
 .rodata.__pinctrl_state_pins_0__device_dts_ord_52
                0x0000000008005998       0x10 zephyr/drivers/serial/libdrivers__serial.a(uart_stm32.c.obj)
 .rodata.uart_stm32_driver_api
                0x00000000080059a8       0x4c zephyr/drivers/serial/libdrivers__serial.a(uart_stm32.c.obj)
 .rodata.gpio_ports
                0x00000000080059f4       0x2c zephyr/drivers/pinctrl/libdrivers__pinctrl.a(pinctrl_stm32.c.obj)
 .rodata.reset_stm32_config
                0x0000000008005a20        0x4 zephyr/drivers/reset/libdrivers__reset.a(reset_stm32.c.obj)
 .rodata.reset_stm32_driver_api
                0x0000000008005a24       0x10 zephyr/drivers/reset/libdrivers__reset.a(reset_stm32.c.obj)
 .rodata._k_neg_eagain
                0x0000000008005a34        0x4 zephyr/kernel/libkernel.a(errno.c.obj)
                0x0000000008005a34                _k_neg_eagain
 .rodata.levels.0
                0x0000000008005a38       0x18 zephyr/kernel/libkernel.a(init.c.obj)
 .rodata.CSWTCH.717
                0x0000000008005a50        0x6 zephyr/drivers/serial/libdrivers__serial.a(uart_stm32.c.obj)
 .rodata.print_phil_state.str1.1
                0x0000000008005a56       0x25 app/libapp.a(main.c.obj)
                                         0x2c (size before relaxing)
 .rodata.philosopher.str1.1
                0x0000000008005a7b       0x73 app/libapp.a(main.c.obj)
 .rodata.main.str1.1
                0x0000000008005aee      0x167 app/libapp.a(main.c.obj)
 .rodata.str1.1
                0x0000000008005c55       0x11 zephyr/libzephyr.a(cbprintf_packaged.c.obj)
 .rodata.rb_remove.str1.1
                0x0000000008005c66       0x71 zephyr/libzephyr.a(rb.c.obj)
 .rodata.z_cbvprintf_impl.str1.1
                0x0000000008005cd7        0x6 zephyr/libzephyr.a(cbprintf_complete.c.obj)
 .rodata.z_arm_irq_priority_set.str1.1
                0x0000000008005cdd       0x91 zephyr/arch/arch/arm/core/aarch32/libarch__arm__core__aarch32.a(irq_manage.c.obj)
                                         0xae (size before relaxing)
 .rodata.mem_manage_fault.str1.1
                0x0000000008005d6e       0xa7 zephyr/arch/arch/arm/core/aarch32/cortex_m/libarch__arm__core__aarch32__cortex_m.a(fault.c.obj)
                                         0xc4 (size before relaxing)
 .rodata.z_arm_fault.str1.1
                0x0000000008005e15       0xa5 zephyr/arch/arch/arm/core/aarch32/cortex_m/libarch__arm__core__aarch32__cortex_m.a(fault.c.obj)
                                         0xa7 (size before relaxing)
 .rodata.str1.1
                0x0000000008005eba        0x4 zephyr/arch/arch/arm/core/aarch32/mpu/libarch__arm__core__aarch32__mpu.a(arm_core_mpu.c.obj)
 .rodata.arm_core_mpu_configure_static_mpu_regions.str1.1
                0x0000000008005ebe       0x63 zephyr/arch/arch/arm/core/aarch32/mpu/libarch__arm__core__aarch32__mpu.a(arm_mpu.c.obj)
                                         0x82 (size before relaxing)
 .rodata.arm_core_mpu_configure_dynamic_mpu_regions.str1.1
                0x0000000008005f21       0x2d zephyr/arch/arch/arm/core/aarch32/mpu/libarch__arm__core__aarch32__mpu.a(arm_mpu.c.obj)
 .rodata.z_arm_mpu_init.str1.1
                0x0000000008005f4e       0xa5 zephyr/arch/arch/arm/core/aarch32/mpu/libarch__arm__core__aarch32__mpu.a(arm_mpu.c.obj)
 .rodata.str1.1
                0x0000000008005ff3        0xf zephyr/soc/arm/common/cortex_m/libsoc__arm__common__cortex_m.a(arm_mpu_regions.c.obj)
 .rodata.str1.1
                0x0000000008006002       0x1e zephyr/drivers/interrupt_controller/libdrivers__interrupt_controller.a(intc_exti_stm32.c.obj)
 .rodata.exti_irq_table
                0x0000000008006020       0x17 zephyr/drivers/interrupt_controller/libdrivers__interrupt_controller.a(intc_exti_stm32.c.obj)
 .rodata.str1.1
                0x0000000008006037        0xd zephyr/drivers/clock_control/libdrivers__clock_control.a(clock_stm32_ll_common.c.obj)
 .rodata.gpio_stm32_manage_callback.str1.1
                0x0000000008006044       0x7d zephyr/drivers/gpio/libdrivers__gpio.a(gpio_stm32.c.obj)
                                         0x9a (size before relaxing)
 .rodata.gpio_stm32_isr.str1.1
                0x00000000080060c1        0xc zephyr/drivers/gpio/libdrivers__gpio.a(gpio_stm32.c.obj)
 .rodata.str1.1
                0x00000000080060cd       0x70 zephyr/drivers/gpio/libdrivers__gpio.a(gpio_stm32.c.obj)
 .rodata.uart_stm32_set_baudrate.str1.1
                0x000000000800613d       0x5f zephyr/drivers/serial/libdrivers__serial.a(uart_stm32.c.obj)
                                         0x7c (size before relaxing)
 .rodata.str1.1
                0x000000000800619c       0x1b zephyr/drivers/serial/libdrivers__serial.a(uart_stm32.c.obj)
 .rodata.sys_clock_set_timeout.str1.1
                0x00000000080061b7       0x86 zephyr/drivers/timer/libdrivers__timer.a(cortex_m_systick.c.obj)
                                         0xa3 (size before relaxing)
 .rodata.pinctrl_configure_pins.str1.1
                0x000000000800623d       0x4b zephyr/drivers/pinctrl/libdrivers__pinctrl.a(pinctrl_stm32.c.obj)
                                         0x68 (size before relaxing)
 .rodata.str1.1
                0x0000000008006288       0x11 zephyr/drivers/reset/libdrivers__reset.a(reset_stm32.c.obj)
 .rodata.AHBPrescTable
                0x0000000008006299       0x10 modules/stm32/stm32cube/lib..__modules__hal__stm32__stm32cube.a(system_stm32f4xx.c.obj)
                0x0000000008006299                AHBPrescTable
 .rodata.z_fatal_error.str1.1
                0x00000000080062a9       0x74 zephyr/kernel/libkernel.a(fatal.c.obj)
                                         0x91 (size before relaxing)
 .rodata.z_init_cpu.str1.1
                0x000000000800631d        0x5 zephyr/kernel/libkernel.a(init.c.obj)
 .rodata.z_cstart.str1.1
                0x0000000008006322        0x5 zephyr/kernel/libkernel.a(init.c.obj)
 .rodata.str1.1
                0x0000000008006327        0x3 zephyr/kernel/libkernel.a(init.c.obj)
 .rodata.k_thread_foreach.str1.1
                0x000000000800632a       0x54 zephyr/kernel/libkernel.a(thread.c.obj)
                                         0xf7 (size before relaxing)
 .rodata.z_setup_new_thread.str1.1
                0x000000000800637e       0xb1 zephyr/kernel/libkernel.a(thread.c.obj)
 .rodata.z_impl_k_thread_create.str1.1
                0x000000000800642f       0x37 zephyr/kernel/libkernel.a(thread.c.obj)
 .rodata.z_init_static_threads.str1.1
                0x0000000008006466       0x4c zephyr/kernel/libkernel.a(thread.c.obj)
 .rodata.idle.str1.1
                0x00000000080064b2       0x49 zephyr/kernel/libkernel.a(idle.c.obj)
                                         0x66 (size before relaxing)
 .rodata.z_impl_k_mutex_lock.str1.1
                0x00000000080064fb       0x47 zephyr/kernel/libkernel.a(mutex.c.obj)
                                         0xfc (size before relaxing)
 .rodata.z_impl_k_mutex_unlock.str1.1
                0x0000000008006542       0x17 zephyr/kernel/libkernel.a(mutex.c.obj)
 .rodata.update_cache.str1.1
                0x0000000008006559       0x4c zephyr/kernel/libkernel.a(sched.c.obj)
                                         0x69 (size before relaxing)
 .rodata.k_sched_time_slice_set.str1.1
                0x00000000080065a5       0x86 zephyr/kernel/libkernel.a(sched.c.obj)
 .rodata.k_sched_lock.str1.1
                0x00000000080065a5       0x5c zephyr/kernel/libkernel.a(sched.c.obj)
                                         0x6e (size before relaxing)
 .rodata.k_sched_unlock.str1.1
                0x0000000008006601       0x31 zephyr/kernel/libkernel.a(sched.c.obj)
 .rodata.z_priq_dumb_remove.str1.1
                0x0000000008006632       0x21 zephyr/kernel/libkernel.a(sched.c.obj)
 .rodata.unpend_thread_no_timeout.str1.1
                0x0000000008006653       0x17 zephyr/kernel/libkernel.a(sched.c.obj)
 .rodata.z_pend_curr.str1.1
                0x000000000800666a       0x37 zephyr/kernel/libkernel.a(sched.c.obj)
 .rodata.z_tick_sleep.str1.1
                0x00000000080066a1       0x40 zephyr/kernel/libkernel.a(sched.c.obj)
 .rodata.z_thread_abort.str1.1
                0x00000000080066e1       0x41 zephyr/kernel/libkernel.a(sched.c.obj)
                                         0x43 (size before relaxing)
 .rodata.z_add_timeout.str1.1
                0x0000000008006722       0x44 zephyr/kernel/libkernel.a(timeout.c.obj)
                                         0xea (size before relaxing)
 .rodata.boot_banner.str1.1
                0x0000000008006766       0x42 zephyr/kernel/libkernel.a(banner.c.obj)
 *(SORT_BY_ALIGNMENT(.gnu.linkonce.r.*))
                0x00000000080067a8                . = ALIGN (0x4)
                0x00000000080067a8                __rodata_region_end = .
                0x00000000080067c0                . = ALIGN (_region_min_align)
                0x0000000008008000                . = ALIGN ((0x1 << ((__rodata_region_end - ADDR (rom_start)) <= 0x4)?0x2:((__rodata_region_end - ADDR (rom_start)) <= 0x8)?0x3:((__rodata_region_end - ADDR (rom_start)) <= 0x10)?0x4:((__rodata_region_end - ADDR (rom_start)) <= 0x20)?0x5:((__rodata_region_end - ADDR (rom_start)) <= 0x40)?0x6:((__rodata_region_end - ADDR (rom_start)) <= 0x80)?0x7:((__rodata_region_end - ADDR (rom_start)) <= 0x100)?0x8:((__rodata_region_end - ADDR (rom_start)) <= 0x200)?0x9:((__rodata_region_end - ADDR (rom_start)) <= 0x400)?0xa:((__rodata_region_end - ADDR (rom_start)) <= 0x800)?0xb:((__rodata_region_end - ADDR (rom_start)) <= 0x1000)?0xc:((__rodata_region_end - ADDR (rom_start)) <= 0x2000)?0xd:((__rodata_region_end - ADDR (rom_start)) <= 0x4000)?0xe:((__rodata_region_end - ADDR (rom_start)) <= 0x8000)?0xf:((__rodata_region_end - ADDR (rom_start)) <= 0x10000)?0x10:((__rodata_region_end - ADDR (rom_start)) <= 0x20000)?0x11:((__rodata_region_end - ADDR (rom_start)) <= 0x40000)?0x12:((__rodata_region_end - ADDR (rom_start)) <= 0x80000)?0x13:((__rodata_region_end - ADDR (rom_start)) <= 0x100000)?0x14:((__rodata_region_end - ADDR (rom_start)) <= 0x200000)?0x15:((__rodata_region_end - ADDR (rom_start)) <= 0x400000)?0x16:((__rodata_region_end - ADDR (rom_start)) <= 0x800000)?0x17:((__rodata_region_end - ADDR (rom_start)) <= 0x1000000)?0x18:((__rodata_region_end - ADDR (rom_start)) <= 0x2000000)?0x19:((__rodata_region_end - ADDR (rom_start)) <= 0x4000000)?0x1a:((__rodata_region_end - ADDR (rom_start)) <= 0x8000000)?0x1b:((__rodata_region_end - ADDR (rom_start)) <= 0x10000000)?0x1c:((__rodata_region_end - ADDR (rom_start)) <= 0x20000000)?0x1d:((__rodata_region_end - ADDR (rom_start)) <= 0x40000000)?0x1e:((__rodata_region_end - ADDR (rom_start)) <= 0x80000000)?0x1f:0x20))
                0x0000000008008000                __rom_region_end = ((__rom_region_start + .) - ADDR (rom_start))

/DISCARD/
 *(SORT_BY_ALIGNMENT(.got.plt))
 *(SORT_BY_ALIGNMENT(.igot.plt))
 *(SORT_BY_ALIGNMENT(.got))
 *(SORT_BY_ALIGNMENT(.igot))
                0x0000000020000000                . = 0x20000000
                0x0000000020000000                . = ALIGN (_region_min_align)
                0x0000000020000000                _image_ram_start = .

.ramfunc        0x0000000020000000        0x0 load address 0x00000000080067a8
                0x0000000020000000                . = ALIGN (_region_min_align)
                0x0000000020000000                . = ALIGN ((0x1 << (__ramfunc_size <= 0x4)?0x2:(__ramfunc_size <= 0x8)?0x3:(__ramfunc_size <= 0x10)?0x4:(__ramfunc_size <= 0x20)?0x5:(__ramfunc_size <= 0x40)?0x6:(__ramfunc_size <= 0x80)?0x7:(__ramfunc_size <= 0x100)?0x8:(__ramfunc_size <= 0x200)?0x9:(__ramfunc_size <= 0x400)?0xa:(__ramfunc_size <= 0x800)?0xb:(__ramfunc_size <= 0x1000)?0xc:(__ramfunc_size <= 0x2000)?0xd:(__ramfunc_size <= 0x4000)?0xe:(__ramfunc_size <= 0x8000)?0xf:(__ramfunc_size <= 0x10000)?0x10:(__ramfunc_size <= 0x20000)?0x11:(__ramfunc_size <= 0x40000)?0x12:(__ramfunc_size <= 0x80000)?0x13:(__ramfunc_size <= 0x100000)?0x14:(__ramfunc_size <= 0x200000)?0x15:(__ramfunc_size <= 0x400000)?0x16:(__ramfunc_size <= 0x800000)?0x17:(__ramfunc_size <= 0x1000000)?0x18:(__ramfunc_size <= 0x2000000)?0x19:(__ramfunc_size <= 0x4000000)?0x1a:(__ramfunc_size <= 0x8000000)?0x1b:(__ramfunc_size <= 0x10000000)?0x1c:(__ramfunc_size <= 0x20000000)?0x1d:(__ramfunc_size <= 0x40000000)?0x1e:(__ramfunc_size <= 0x80000000)?0x1f:0x20))
                0x0000000020000000                __ramfunc_start = .
 *(SORT_BY_ALIGNMENT(.ramfunc))
 *(SORT_BY_ALIGNMENT(.ramfunc.*))
                0x0000000020000000                . = ALIGN (_region_min_align)
                0x0000000020000000                . = ALIGN ((0x1 << (__ramfunc_size <= 0x4)?0x2:(__ramfunc_size <= 0x8)?0x3:(__ramfunc_size <= 0x10)?0x4:(__ramfunc_size <= 0x20)?0x5:(__ramfunc_size <= 0x40)?0x6:(__ramfunc_size <= 0x80)?0x7:(__ramfunc_size <= 0x100)?0x8:(__ramfunc_size <= 0x200)?0x9:(__ramfunc_size <= 0x400)?0xa:(__ramfunc_size <= 0x800)?0xb:(__ramfunc_size <= 0x1000)?0xc:(__ramfunc_size <= 0x2000)?0xd:(__ramfunc_size <= 0x4000)?0xe:(__ramfunc_size <= 0x8000)?0xf:(__ramfunc_size <= 0x10000)?0x10:(__ramfunc_size <= 0x20000)?0x11:(__ramfunc_size <= 0x40000)?0x12:(__ramfunc_size <= 0x80000)?0x13:(__ramfunc_size <= 0x100000)?0x14:(__ramfunc_size <= 0x200000)?0x15:(__ramfunc_size <= 0x400000)?0x16:(__ramfunc_size <= 0x800000)?0x17:(__ramfunc_size <= 0x1000000)?0x18:(__ramfunc_size <= 0x2000000)?0x19:(__ramfunc_size <= 0x4000000)?0x1a:(__ramfunc_size <= 0x8000000)?0x1b:(__ramfunc_size <= 0x10000000)?0x1c:(__ramfunc_size <= 0x20000000)?0x1d:(__ramfunc_size <= 0x40000000)?0x1e:(__ramfunc_size <= 0x80000000)?0x1f:0x20))
                0x0000000020000000                __ramfunc_end = .
                0x0000000000000000                __ramfunc_size = (__ramfunc_end - __ramfunc_start)
                0x00000000080067a8                __ramfunc_load_start = LOADADDR (.ramfunc)

datas           0x0000000020000000       0x44 load address 0x00000000080067a8
                0x0000000020000000                __data_region_start = .
                0x0000000020000000                __data_start = .
 *(SORT_BY_ALIGNMENT(.data))
 *(SORT_BY_ALIGNMENT(.data.*))
 .data._char_out
                0x0000000020000000        0x4 zephyr/libzephyr.a(printk.c.obj)
                0x0000000020000000                _char_out
 .data.stm32_clock_control_api
                0x0000000020000004       0x1c zephyr/drivers/clock_control/libdrivers__clock_control.a(clock_stm32_ll_common.c.obj)
 .data.uart_stm32_data_0
                0x0000000020000020       0x18 zephyr/drivers/serial/libdrivers__serial.a(uart_stm32.c.obj)
 .data.SystemCoreClock
                0x0000000020000038        0x4 modules/stm32/stm32cube/lib..__modules__hal__stm32__stm32cube.a(system_stm32f4xx.c.obj)
                0x0000000020000038                SystemCoreClock
 .data.timeout_list
                0x000000002000003c        0x8 zephyr/kernel/libkernel.a(timeout.c.obj)
 *(SORT_BY_ALIGNMENT(.kernel.*))
                0x0000000020000044                __data_end = .
                0x0000000000000044                __data_size = (__data_end - __data_start)
                0x00000000080067a8                __data_load_start = LOADADDR (datas)
                0x00000000080067a8                __data_region_load_start = LOADADDR (datas)

device_states   0x0000000020000044       0x18 load address 0x00000000080067ec
                0x0000000020000044                __device_states_start = .
 *(SORT_BY_ALIGNMENT(.z_devstate))
 .z_devstate    0x0000000020000044        0x2 zephyr/drivers/interrupt_controller/libdrivers__interrupt_controller.a(intc_exti_stm32.c.obj)
 .z_devstate    0x0000000020000046        0x2 zephyr/drivers/clock_control/libdrivers__clock_control.a(clock_stm32_ll_common.c.obj)
 .z_devstate    0x0000000020000048       0x10 zephyr/drivers/gpio/libdrivers__gpio.a(gpio_stm32.c.obj)
 .z_devstate    0x0000000020000058        0x2 zephyr/drivers/serial/libdrivers__serial.a(uart_stm32.c.obj)
 .z_devstate    0x000000002000005a        0x2 zephyr/drivers/reset/libdrivers__reset.a(reset_stm32.c.obj)
 *(SORT_BY_ALIGNMENT(.z_devstate.*))
                0x000000002000005c                __device_states_end = .

initshell       0x000000002000005c        0x0 load address 0x0000000008006804
                0x000000002000005c                __shell_module_start = .
 *(SORT_BY_ALIGNMENT(.shell_module_*))
                0x000000002000005c                __shell_module_end = .
                0x000000002000005c                __shell_cmd_start = .
 *(SORT_BY_ALIGNMENT(.shell_cmd_*))
                0x000000002000005c                __shell_cmd_end = .

log_mpsc_pbuf_area
                0x000000002000005c        0x0 load address 0x0000000008006804
                0x000000002000005c                _log_mpsc_pbuf_list_start = .
 *(SORT_BY_NAME(SORT_BY_ALIGNMENT(._log_mpsc_pbuf.static.*)))
                0x000000002000005c                _log_mpsc_pbuf_list_end = .

log_msg_ptr_area
                0x000000002000005c        0x0 load address 0x0000000008006804
                0x000000002000005c                _log_msg_ptr_list_start = .
 *(SORT_BY_NAME(SORT_BY_ALIGNMENT(._log_msg_ptr.static.*)))
                0x000000002000005c                _log_msg_ptr_list_end = .

log_dynamic_sections
                0x000000002000005c        0x0 load address 0x0000000008006804
                0x000000002000005c                __log_dynamic_start = .
 *(SORT_BY_NAME(SORT_BY_ALIGNMENT(.log_dynamic_*)))
                0x000000002000005c                __log_dynamic_end = .

k_timer_area    0x000000002000005c        0x0 load address 0x0000000008006804
                0x000000002000005c                _k_timer_list_start = .
 *(SORT_BY_NAME(SORT_BY_ALIGNMENT(._k_timer.static.*)))
                0x000000002000005c                _k_timer_list_end = .

k_mem_slab_area
                0x000000002000005c        0x0 load address 0x0000000008006804
                0x000000002000005c                _k_mem_slab_list_start = .
 *(SORT_BY_NAME(SORT_BY_ALIGNMENT(._k_mem_slab.static.*)))
                0x000000002000005c                _k_mem_slab_list_end = .

k_heap_area     0x000000002000005c        0x0 load address 0x0000000008006804
                0x000000002000005c                _k_heap_list_start = .
 *(SORT_BY_NAME(SORT_BY_ALIGNMENT(._k_heap.static.*)))
                0x000000002000005c                _k_heap_list_end = .

k_mutex_area    0x000000002000005c        0x0 load address 0x0000000008006804
                0x000000002000005c                _k_mutex_list_start = .
 *(SORT_BY_NAME(SORT_BY_ALIGNMENT(._k_mutex.static.*)))
                0x000000002000005c                _k_mutex_list_end = .

k_stack_area    0x000000002000005c        0x0 load address 0x0000000008006804
                0x000000002000005c                _k_stack_list_start = .
 *(SORT_BY_NAME(SORT_BY_ALIGNMENT(._k_stack.static.*)))
                0x000000002000005c                _k_stack_list_end = .

k_msgq_area     0x000000002000005c        0x0 load address 0x0000000008006804
                0x000000002000005c                _k_msgq_list_start = .
 *(SORT_BY_NAME(SORT_BY_ALIGNMENT(._k_msgq.static.*)))
                0x000000002000005c                _k_msgq_list_end = .

k_mbox_area     0x000000002000005c        0x0 load address 0x0000000008006804
                0x000000002000005c                _k_mbox_list_start = .
 *(SORT_BY_NAME(SORT_BY_ALIGNMENT(._k_mbox.static.*)))
                0x000000002000005c                _k_mbox_list_end = .

k_pipe_area     0x000000002000005c        0x0 load address 0x0000000008006804
                0x000000002000005c                _k_pipe_list_start = .
 *(SORT_BY_NAME(SORT_BY_ALIGNMENT(._k_pipe.static.*)))
                0x000000002000005c                _k_pipe_list_end = .

k_sem_area      0x000000002000005c        0x0 load address 0x0000000008006804
                0x000000002000005c                _k_sem_list_start = .
 *(SORT_BY_NAME(SORT_BY_ALIGNMENT(._k_sem.static.*)))
                0x000000002000005c                _k_sem_list_end = .

k_event_area    0x000000002000005c        0x0 load address 0x0000000008006804
                0x000000002000005c                _k_event_list_start = .
 *(SORT_BY_NAME(SORT_BY_ALIGNMENT(._k_event.static.*)))
                0x000000002000005c                _k_event_list_end = .

k_queue_area    0x000000002000005c        0x0 load address 0x0000000008006804
                0x000000002000005c                _k_queue_list_start = .
 *(SORT_BY_NAME(SORT_BY_ALIGNMENT(._k_queue.static.*)))
                0x000000002000005c                _k_queue_list_end = .

k_condvar_area  0x000000002000005c        0x0 load address 0x0000000008006804
                0x000000002000005c                _k_condvar_list_start = .
 *(SORT_BY_NAME(SORT_BY_ALIGNMENT(._k_condvar.static.*)))
                0x000000002000005c                _k_condvar_list_end = .

_net_buf_pool_area
                0x000000002000005c        0x0 load address 0x0000000008006804
                0x000000002000005c                _net_buf_pool_list = .
 *(SORT_BY_NAME(SORT_BY_ALIGNMENT(._net_buf_pool.static.*)))
                0x000000002000005c                __data_region_end = .

bss             0x0000000020000060      0x7aa
                0x0000000020000060                . = ALIGN (0x4)
                0x0000000020000060                __bss_start = .
                0x0000000020000060                __kernel_ram_start = .
 *(SORT_BY_ALIGNMENT(.bss))
 *(SORT_BY_ALIGNMENT(.bss.*))
 .bss.threads   0x0000000020000060      0x420 app/libapp.a(main.c.obj)
 .bss.z_idle_threads
                0x0000000020000480       0xb0 zephyr/kernel/libkernel.a(init.c.obj)
                0x0000000020000480                z_idle_threads
 .bss.z_main_thread
                0x0000000020000530       0xb0 zephyr/kernel/libkernel.a(init.c.obj)
                0x0000000020000530                z_main_thread
 .bss.curr_tick
                0x00000000200005e0        0x8 zephyr/kernel/libkernel.a(timeout.c.obj)
 .bss.fork_objs
                0x00000000200005e8       0x78 app/libapp.a(main.c.obj)
                0x00000000200005e8                fork_objs
 .bss.dynamic_regions.0
                0x0000000020000660        0xc zephyr/arch/arch/arm/core/aarch32/mpu/libarch__arm__core__aarch32__mpu.a(arm_core_mpu.c.obj)
 .bss.exti_data
                0x000000002000066c       0xb8 zephyr/drivers/interrupt_controller/libdrivers__interrupt_controller.a(intc_exti_stm32.c.obj)
 .bss.gpio_stm32_data_h
                0x0000000020000724       0x10 zephyr/drivers/gpio/libdrivers__gpio.a(gpio_stm32.c.obj)
 .bss.gpio_stm32_data_g
                0x0000000020000734       0x10 zephyr/drivers/gpio/libdrivers__gpio.a(gpio_stm32.c.obj)
 .bss.gpio_stm32_data_f
                0x0000000020000744       0x10 zephyr/drivers/gpio/libdrivers__gpio.a(gpio_stm32.c.obj)
 .bss.gpio_stm32_data_e
                0x0000000020000754       0x10 zephyr/drivers/gpio/libdrivers__gpio.a(gpio_stm32.c.obj)
 .bss.gpio_stm32_data_d
                0x0000000020000764       0x10 zephyr/drivers/gpio/libdrivers__gpio.a(gpio_stm32.c.obj)
 .bss.gpio_stm32_data_c
                0x0000000020000774       0x10 zephyr/drivers/gpio/libdrivers__gpio.a(gpio_stm32.c.obj)
 .bss.gpio_stm32_data_b
                0x0000000020000784       0x10 zephyr/drivers/gpio/libdrivers__gpio.a(gpio_stm32.c.obj)
 .bss.gpio_stm32_data_a
                0x0000000020000794       0x10 zephyr/drivers/gpio/libdrivers__gpio.a(gpio_stm32.c.obj)
 .bss.overflow_cyc
                0x00000000200007a4        0x4 zephyr/drivers/timer/libdrivers__timer.a(cortex_m_systick.c.obj)
 .bss.announced_cycles
                0x00000000200007a8        0x4 zephyr/drivers/timer/libdrivers__timer.a(cortex_m_systick.c.obj)
 .bss.cycle_count
                0x00000000200007ac        0x4 zephyr/drivers/timer/libdrivers__timer.a(cortex_m_systick.c.obj)
 .bss.last_load
                0x00000000200007b0        0x4 zephyr/drivers/timer/libdrivers__timer.a(cortex_m_systick.c.obj)
 .bss.lock      0x00000000200007b4        0x4 zephyr/drivers/timer/libdrivers__timer.a(cortex_m_systick.c.obj)
 .bss._kernel   0x00000000200007b8       0x30 zephyr/kernel/libkernel.a(init.c.obj)
                0x00000000200007b8                _kernel
 .bss.z_thread_monitor_lock
                0x00000000200007e8        0x4 zephyr/kernel/libkernel.a(thread.c.obj)
 .bss.lock      0x00000000200007ec        0x4 zephyr/kernel/libkernel.a(mutex.c.obj)
 .bss.pending_current
                0x00000000200007f0        0x4 zephyr/kernel/libkernel.a(sched.c.obj)
 .bss.slice_max_prio
                0x00000000200007f4        0x4 zephyr/kernel/libkernel.a(sched.c.obj)
 .bss.slice_ticks
                0x00000000200007f8        0x4 zephyr/kernel/libkernel.a(sched.c.obj)
 .bss.sched_spinlock
                0x00000000200007fc        0x4 zephyr/kernel/libkernel.a(sched.c.obj)
                0x00000000200007fc                sched_spinlock
 .bss.announce_remaining
                0x0000000020000800        0x4 zephyr/kernel/libkernel.a(timeout.c.obj)
 .bss.timeout_lock
                0x0000000020000804        0x4 zephyr/kernel/libkernel.a(timeout.c.obj)
 .bss.static_regions_num
                0x0000000020000808        0x1 zephyr/arch/arch/arm/core/aarch32/mpu/libarch__arm__core__aarch32__mpu.a(arm_mpu.c.obj)
 .bss.z_sys_post_kernel
                0x0000000020000809        0x1 zephyr/kernel/libkernel.a(init.c.obj)
                0x0000000020000809                z_sys_post_kernel
 *(SORT_BY_ALIGNMENT(COMMON))
 *(SORT_BY_ALIGNMENT(.kernel_bss.*))
                0x000000002000080c                __bss_end = ALIGN (0x4)

noinit          0x0000000020000840     0x3f80
 *(SORT_BY_ALIGNMENT(.noinit))
 *(SORT_BY_ALIGNMENT(.noinit.*))
 .noinit."WEST_TOPDIR/zephyr/samples/philosophers/src/phil_obj_abstract.h".0
                0x0000000020000840     0x3180 app/libapp.a(main.c.obj)
 .noinit."WEST_TOPDIR/zephyr/kernel/init.c".2
                0x00000000200039c0      0x840 zephyr/kernel/libkernel.a(init.c.obj)
                0x00000000200039c0                z_interrupt_stacks
 .noinit."WEST_TOPDIR/zephyr/kernel/init.c".1
                0x0000000020004200      0x180 zephyr/kernel/libkernel.a(init.c.obj)
 .noinit."WEST_TOPDIR/zephyr/kernel/init.c".0
                0x0000000020004380      0x440 zephyr/kernel/libkernel.a(init.c.obj)
                0x0000000020004380                z_main_stack
 *(SORT_BY_ALIGNMENT(.kernel_noinit.*))
                0x00000000200047c0                _image_ram_end = .
                0x00000000200047c0                _end = .
                0x0000000020020000                __kernel_ram_end = 0x20020000
                0x000000000001ffa0                __kernel_ram_size = (__kernel_ram_end - __kernel_ram_start)

/DISCARD/
 *(SORT_BY_ALIGNMENT(.irq_info*))
 *(SORT_BY_ALIGNMENT(.intList*))

.stab
 *(SORT_BY_ALIGNMENT(.stab))

.stabstr
 *(SORT_BY_ALIGNMENT(.stabstr))

.stab.excl
 *(SORT_BY_ALIGNMENT(.stab.excl))

.stab.exclstr
 *(SORT_BY_ALIGNMENT(.stab.exclstr))

.stab.index
 *(SORT_BY_ALIGNMENT(.stab.index))

.stab.indexstr
 *(SORT_BY_ALIGNMENT(.stab.indexstr))

.gnu.build.attributes
 *(SORT_BY_ALIGNMENT(.gnu.build.attributes) SORT_BY_ALIGNMENT(.gnu.build.attributes.*))

.comment        0x0000000000000000       0x20
 *(SORT_BY_ALIGNMENT(.comment))
 .comment       0x0000000000000000       0x20 zephyr/CMakeFiles/zephyr_final.dir/dev_handles.c.obj
                                         0x21 (size before relaxing)
 .comment       0x0000000000000020       0x21 zephyr/CMakeFiles/zephyr_final.dir/isr_tables.c.obj
 .comment       0x0000000000000020       0x21 zephyr/CMakeFiles/offsets.dir/./arch/arm/core/offsets/offsets.c.obj
 .comment       0x0000000000000020       0x21 app/libapp.a(main.c.obj)
 .comment       0x0000000000000020       0x21 zephyr/libzephyr.a(cbprintf_packaged.c.obj)
 .comment       0x0000000000000020       0x21 zephyr/libzephyr.a(printk.c.obj)
 .comment       0x0000000000000020       0x21 zephyr/libzephyr.a(rb.c.obj)
 .comment       0x0000000000000020       0x21 zephyr/libzephyr.a(thread_entry.c.obj)
 .comment       0x0000000000000020       0x21 zephyr/libzephyr.a(cbprintf_complete.c.obj)
 .comment       0x0000000000000020       0x21 zephyr/libzephyr.a(assert.c.obj)
 .comment       0x0000000000000020       0x21 zephyr/libzephyr.a(configs.c.obj)
 .comment       0x0000000000000020       0x21 zephyr/libzephyr.a(soc.c.obj)
 .comment       0x0000000000000020       0x21 zephyr/libzephyr.a(soc_config.c.obj)
 .comment       0x0000000000000020       0x21 zephyr/libzephyr.a(thread_info.c.obj)
 .comment       0x0000000000000020       0x21 zephyr/arch/arch/arm/core/aarch32/libarch__arm__core__aarch32.a(fatal.c.obj)
 .comment       0x0000000000000020       0x21 zephyr/arch/arch/arm/core/aarch32/libarch__arm__core__aarch32.a(irq_manage.c.obj)
 .comment       0x0000000000000020       0x21 zephyr/arch/arch/arm/core/aarch32/libarch__arm__core__aarch32.a(nmi.c.obj)
 .comment       0x0000000000000020       0x21 zephyr/arch/arch/arm/core/aarch32/libarch__arm__core__aarch32.a(prep_c.c.obj)
 .comment       0x0000000000000020       0x21 zephyr/arch/arch/arm/core/aarch32/libarch__arm__core__aarch32.a(swap.c.obj)
 .comment       0x0000000000000020       0x21 zephyr/arch/arch/arm/core/aarch32/libarch__arm__core__aarch32.a(thread.c.obj)
 .comment       0x0000000000000020       0x21 zephyr/arch/arch/arm/core/aarch32/cortex_m/libarch__arm__core__aarch32__cortex_m.a(fault.c.obj)
 .comment       0x0000000000000020       0x21 zephyr/arch/arch/arm/core/aarch32/cortex_m/libarch__arm__core__aarch32__cortex_m.a(irq_init.c.obj)
 .comment       0x0000000000000020       0x21 zephyr/arch/arch/arm/core/aarch32/cortex_m/libarch__arm__core__aarch32__cortex_m.a(thread_abort.c.obj)
 .comment       0x0000000000000020       0x21 zephyr/arch/arch/arm/core/aarch32/mpu/libarch__arm__core__aarch32__mpu.a(arm_core_mpu.c.obj)
 .comment       0x0000000000000020       0x21 zephyr/arch/arch/arm/core/aarch32/mpu/libarch__arm__core__aarch32__mpu.a(arm_mpu.c.obj)
 .comment       0x0000000000000020       0x21 zephyr/lib/libc/minimal/liblib__libc__minimal.a(string.c.obj)
 .comment       0x0000000000000020       0x21 zephyr/soc/arm/common/cortex_m/libsoc__arm__common__cortex_m.a(arm_mpu_regions.c.obj)
 .comment       0x0000000000000020       0x21 zephyr/drivers/interrupt_controller/libdrivers__interrupt_controller.a(intc_exti_stm32.c.obj)
 .comment       0x0000000000000020       0x21 zephyr/drivers/clock_control/libdrivers__clock_control.a(clock_stm32_ll_common.c.obj)
 .comment       0x0000000000000020       0x21 zephyr/drivers/clock_control/libdrivers__clock_control.a(clock_stm32f2_f4_f7.c.obj)
 .comment       0x0000000000000020       0x21 zephyr/drivers/console/libdrivers__console.a(uart_console.c.obj)
 .comment       0x0000000000000020       0x21 zephyr/drivers/gpio/libdrivers__gpio.a(gpio_stm32.c.obj)
 .comment       0x0000000000000020       0x21 zephyr/drivers/serial/libdrivers__serial.a(uart_stm32.c.obj)
 .comment       0x0000000000000020       0x21 zephyr/drivers/timer/libdrivers__timer.a(cortex_m_systick.c.obj)
 .comment       0x0000000000000020       0x21 zephyr/drivers/pinctrl/libdrivers__pinctrl.a(common.c.obj)
 .comment       0x0000000000000020       0x21 zephyr/drivers/pinctrl/libdrivers__pinctrl.a(pinctrl_stm32.c.obj)
 .comment       0x0000000000000020       0x21 zephyr/drivers/reset/libdrivers__reset.a(reset_stm32.c.obj)
 .comment       0x0000000000000020       0x21 modules/stm32/stm32cube/lib..__modules__hal__stm32__stm32cube.a(system_stm32f4xx.c.obj)
 .comment       0x0000000000000020       0x21 modules/stm32/stm32cube/lib..__modules__hal__stm32__stm32cube.a(stm32f4xx_hal_rcc.c.obj)
 .comment       0x0000000000000020       0x21 modules/stm32/stm32cube/lib..__modules__hal__stm32__stm32cube.a(stm32f4xx_ll_utils.c.obj)
 .comment       0x0000000000000020       0x21 zephyr/kernel/libkernel.a(device.c.obj)
 .comment       0x0000000000000020       0x21 zephyr/kernel/libkernel.a(errno.c.obj)
 .comment       0x0000000000000020       0x21 zephyr/kernel/libkernel.a(fatal.c.obj)
 .comment       0x0000000000000020       0x21 zephyr/kernel/libkernel.a(init.c.obj)
 .comment       0x0000000000000020       0x21 zephyr/kernel/libkernel.a(thread.c.obj)
 .comment       0x0000000000000020       0x21 zephyr/kernel/libkernel.a(idle.c.obj)
 .comment       0x0000000000000020       0x21 zephyr/kernel/libkernel.a(mutex.c.obj)
 .comment       0x0000000000000020       0x21 zephyr/kernel/libkernel.a(sched.c.obj)
 .comment       0x0000000000000020       0x21 zephyr/kernel/libkernel.a(xip.c.obj)
 .comment       0x0000000000000020       0x21 zephyr/kernel/libkernel.a(timeout.c.obj)
 .comment       0x0000000000000020       0x21 zephyr/kernel/libkernel.a(banner.c.obj)

.debug
 *(SORT_BY_ALIGNMENT(.debug))

.line
 *(SORT_BY_ALIGNMENT(.line))

.debug_srcinfo
 *(SORT_BY_ALIGNMENT(.debug_srcinfo))

.debug_sfnames
 *(SORT_BY_ALIGNMENT(.debug_sfnames))

.debug_aranges  0x0000000000000000      0xfa8
 *(SORT_BY_ALIGNMENT(.debug_aranges))
 .debug_aranges
                0x0000000000000000       0x30 zephyr/arch/arch/arm/core/aarch32/libarch__arm__core__aarch32.a(cpu_idle.S.obj)
 .debug_aranges
                0x0000000000000030       0x20 zephyr/arch/arch/arm/core/aarch32/libarch__arm__core__aarch32.a(nmi_on_reset.S.obj)
 .debug_aranges
                0x0000000000000050       0x28 zephyr/arch/arch/arm/core/aarch32/libarch__arm__core__aarch32.a(swap_helper.S.obj)
 .debug_aranges
                0x0000000000000078       0x20 zephyr/arch/arch/arm/core/aarch32/libarch__arm__core__aarch32.a(isr_wrapper.S.obj)
 .debug_aranges
                0x0000000000000098       0x20 zephyr/arch/arch/arm/core/aarch32/cortex_m/libarch__arm__core__aarch32__cortex_m.a(exc_exit.S.obj)
 .debug_aranges
                0x00000000000000b8       0x20 zephyr/arch/arch/arm/core/aarch32/cortex_m/libarch__arm__core__aarch32__cortex_m.a(fault_s.S.obj)
 .debug_aranges
                0x00000000000000d8       0x20 zephyr/arch/arch/arm/core/aarch32/cortex_m/libarch__arm__core__aarch32__cortex_m.a(reset.S.obj)
 .debug_aranges
                0x00000000000000f8       0x18 zephyr/CMakeFiles/zephyr_final.dir/dev_handles.c.obj
 .debug_aranges
                0x0000000000000110       0x18 zephyr/CMakeFiles/zephyr_final.dir/isr_tables.c.obj
 .debug_aranges
                0x0000000000000128       0x20 zephyr/CMakeFiles/offsets.dir/./arch/arm/core/offsets/offsets.c.obj
 .debug_aranges
                0x0000000000000148       0x38 app/libapp.a(main.c.obj)
 .debug_aranges
                0x0000000000000180       0x40 zephyr/libzephyr.a(cbprintf_packaged.c.obj)
 .debug_aranges
                0x00000000000001c0       0x68 zephyr/libzephyr.a(printk.c.obj)
 .debug_aranges
                0x0000000000000228       0x78 zephyr/libzephyr.a(rb.c.obj)
 .debug_aranges
                0x00000000000002a0       0x20 zephyr/libzephyr.a(thread_entry.c.obj)
 .debug_aranges
                0x00000000000002c0       0x30 zephyr/libzephyr.a(cbprintf_complete.c.obj)
 .debug_aranges
                0x00000000000002f0       0x28 zephyr/libzephyr.a(assert.c.obj)
 .debug_aranges
                0x0000000000000318       0x20 zephyr/libzephyr.a(configs.c.obj)
 .debug_aranges
                0x0000000000000338       0x20 zephyr/libzephyr.a(soc.c.obj)
 .debug_aranges
                0x0000000000000358       0x20 zephyr/libzephyr.a(soc_config.c.obj)
 .debug_aranges
                0x0000000000000378       0x18 zephyr/libzephyr.a(thread_info.c.obj)
 .debug_aranges
                0x0000000000000390       0x30 zephyr/arch/arch/arm/core/aarch32/libarch__arm__core__aarch32.a(fatal.c.obj)
 .debug_aranges
                0x00000000000003c0       0x40 zephyr/arch/arch/arm/core/aarch32/libarch__arm__core__aarch32.a(irq_manage.c.obj)
 .debug_aranges